---
source: crates/sniff-test/tests/cli.rs
expression: snapshot
---
exit: 101
stdout:
<empty>
stderr:
    Checking panic-axioms v0.1.0 ([FIXTURE])
error: [sniff-test::panic::bounds-check] bounds check has no recorded `// PANIC:` justification
  --> src/lib.rs:10:5
   |
10 |     values[index]
   |     ^^^^^^^^^^^^^
   |
help: [option 1] add a local `// PANIC:` justification after verifying panic obligations
  --> src/lib.rs:10:5
   |
10 |     values[index]
   |     ^^^^^^^^^^^^^
help: [option 2] document this function's obligations with `/// # Panics` here
  --> src/lib.rs:9:1
   |
 9 | pub fn indexed(values: &[usize], index: usize) -> usize {
   | ^^^^^^^^^^^^^^^^^^^^^^^^^^^^^^^^^^^^^^^^^^^^^^^^^^^^^^^
   = note: reachable from `indexed` to `bounds check`

warning: [sniff-test::panic::remainder-by-zero] remainder by zero has no recorded `// PANIC:` justification
 --> src/lib.rs:6:5
  |
6 |     total_size % block_size
  |     ^^^^^^^^^^^^^^^^^^^^^^^
  |
help: [option 1] add a local `// PANIC:` justification after verifying panic obligations
 --> src/lib.rs:6:5
  |
6 |     total_size % block_size
  |     ^^^^^^^^^^^^^^^^^^^^^^^
help: [option 2] document this function's obligations with `/// # Panics` here
 --> src/lib.rs:5:1
  |
5 | pub fn remainder(total_size: usize, block_size: usize) -> usize {
  | ^^^^^^^^^^^^^^^^^^^^^^^^^^^^^^^^^^^^^^^^^^^^^^^^^^^^^^^^^^^^^^^
  = note: reachable from `remainder` to `remainder by zero`

note: set `show-full-stack-trace = true` under `[analysis]` in sniff-test.toml to show every reachability step
warning: `panic-axioms` (lib) generated 1 warning
error: could not compile `panic-axioms` (lib) due to 1 previous error; 1 warning emitted
