---
source: crates/sniff-test/tests/cli.rs
expression: snapshot
---
exit: 101
stdout:
<empty>
stderr:
    Checking dependency-safety v0.1.0 ([FIXTURE]/dep)
    Checking dependency-safety-app v0.1.0 ([FIXTURE]/app)
error: [sniff-test::safety::raw-pointer-dereference-missing-justification] raw pointer dereference requires a safety justification
 --> [FIXTURE]/dep/src/lib.rs:2:14
  |
2 |     unsafe { *pointer }
  |              ^^^^^^^^ dereferencing requires a valid and properly aligned pointer
  |
help: explain at this call why this path's safety requirements hold with `// SAFETY:`
 --> src/lib.rs:2:5
  |
2 |     dependency_safety::read_byte(pointer)
  |     ^^^^^^^^^^^^^^^^^^^^^^^^^^^^^^^^^^^^^
  = help: for the full explanation, run `'[SNIFF-TEST]' explain yakm --cache-dir '[FIXTURE]/app/target/sniff-test/sniff-test-cache/v[FORMAT]'`

error: could not compile `dependency-safety-app` (lib) due to 1 previous error
