---
source: crates/sniff-test/tests/cli.rs
expression: snapshot
---
exit: 0
stdout:
<empty>
stderr:
    Checking safety-obligations v0.1.0 ([FIXTURE])
warning: safety-obligation call to `safety_obligations::documented_contract` in `safety_obligations::misses_requirement` does not satisfy all `# Safety` requirements
  --> src/lib.rs:18:5
   |
18 |     documented_contract(&raw const byte);
   |     ^^^^^^^^^^^^^^^^^^^^^^^^^^^^^^^^^^^^
   |
note: `safety_obligations::documented_contract` documents `# Safety` here
  --> src/lib.rs:5:1
   |
 5 | pub fn documented_contract(_ptr: *const u8) {}
   | ^^^^^^^^^^^^^^^^^^^^^^^^^^^^^^^^^^^^^^^^^^^
   = note: missing safety requirement `valid_ptr: pointer must be non-null.`
   = help: add named bullets under the applicable `// SAFETY:` comment for each missing requirement
note: this function can reach a call whose documented `# Safety` requirements are not all satisfied
  --> src/lib.rs:16:1
   |
16 | pub fn misses_requirement() {
   | ^^^^^^^^^^^^^^^^^^^^^^^^^^^

warning: `safety-obligations` (lib) generated 1 warning
    Finished `release` profile [optimized] target(s) in [TIME]
