---
source: crates/sniff-test/tests/cli.rs
expression: snapshot
---
exit: 0
stdout:
<empty>
stderr:
    Checking trusted-boundaries v0.1.0 ([FIXTURE])
warning: function `trusted_boundaries::trusted_through_fn_pointer` reaches an unverifiable indirect call
  --> src/lib.rs:22:1
   |
22 | pub fn trusted_through_fn_pointer(flag: bool, unknown: fn(bool)) {
   | ^^^^^^^^^^^^^^^^^^^^^^^^^^^^^^^^^^^^^^^^^^^^^^^^^^^^^^^^^^^^^^^^
   |
note: panic behavior cannot be verified here: indirect call through an opaque callable
  --> src/lib.rs:24:5
   |
24 |     helper(flag);
   |     ^^^^^^^^^^^^
   = help: document this boundary with `# Panics`, add `// PANIC:` only if every possible callee is locally constrained, or configure `indirect-call-boundary` if this opacity is acceptable

warning: function `trusted_boundaries::trusted_unsafe_through_fn_pointer` reaches an unverifiable indirect call
  --> src/lib.rs:31:1
   |
31 | pub fn trusted_unsafe_through_fn_pointer(use_trusted: bool, unknown: unsafe fn()) {
   | ^^^^^^^^^^^^^^^^^^^^^^^^^^^^^^^^^^^^^^^^^^^^^^^^^^^^^^^^^^^^^^^^^^^^^^^^^^^^^^^^^
   |
note: panic behavior cannot be verified here: indirect call through an opaque callable
  --> src/lib.rs:33:14
   |
33 |     unsafe { helper() }
   |              ^^^^^^^^
   = help: document this boundary with `# Panics`, add `// PANIC:` only if every possible callee is locally constrained, or configure `indirect-call-boundary` if this opacity is acceptable

warning: unsafe call to `unsafe function pointer` in `trusted_boundaries::trusted_unsafe_through_fn_pointer` is missing a `// SAFETY:` justification
  --> src/lib.rs:33:14
   |
33 |     unsafe { helper() }
   |              ^^^^^^^^
   |
   = help: add a `// SAFETY:` comment above the unsafe block or call site

warning: function `trusted_boundaries::trusted_with_docs` may panic through a trusted panic
  --> src/lib.rs:6:5
   |
 6 |     trusted_doc_helper(flag);
   |     ^^^^^^^^^^^^^^^^^^^^^^^^
   |
note: `trusted_boundaries::trusted_doc_helper` documents `# Panics` here
  --> src/lib.rs:16:1
   |
16 | fn trusted_doc_helper(flag: bool) {
   | ^^^^^^^^^^^^^^^^^^^^^^^^^^^^^^^^^
help: add `// PANIC:` directly above this call explaining why its documented panic conditions cannot occur
  --> src/lib.rs:6:5
   |
 6 |     trusted_doc_helper(flag);
   |     ^^^^^^^^^^^^^^^^^^^^^^^^
help: document when this function may panic with `/// # Panics` here
  --> src/lib.rs:5:1
   |
 5 | pub fn trusted_with_docs(flag: bool) {
   | ^^^^^^^^^^^^^^^^^^^^^^^^^^^^^^^^^^^^
   = help: ensure the callee's panic conditions cannot occur, justify that with `// PANIC:`, or document when the caller may panic with `# Panics`

warning: `trusted-boundaries` (lib) generated 4 warnings
    Finished `release` profile [optimized] target(s) in [TIME]
