---
source: crates/sniff-test/tests/cli.rs
expression: snapshot
---
exit: 101
stdout:
<empty>
stderr:
    Checking unsafe-ops v0.1.0 ([FIXTURE])
error: unsafe operation (inline assembly) in `unsafe_ops::asm_unjustified` is missing a `// SAFETY:` justification
  --> src/lib.rs:34:9
   |
34 |         asm!("nop");
   |         ^^^^^^^^^^^
   |
   = help: add a `// SAFETY:` comment above the unsafe block or operation
note: this function can reach an unsafe operation (inline assembly) without a `// SAFETY:` justification
  --> src/lib.rs:32:1
   |
32 | pub fn asm_unjustified() {
   | ^^^^^^^^^^^^^^^^^^^^^^^^

error: unsafe operation (raw pointer dereference) in `unsafe_ops::deref_unjustified` is missing a `// SAFETY:` justification
  --> src/lib.rs:17:14
   |
17 |     unsafe { *ptr }
   |              ^^^^
   |
   = help: add a `// SAFETY:` comment above the unsafe block or operation
note: this function can reach an unsafe operation (raw pointer dereference) without a `// SAFETY:` justification
  --> src/lib.rs:16:1
   |
16 | pub fn deref_unjustified(ptr: *const u32) -> u32 {
   | ^^^^^^^^^^^^^^^^^^^^^^^^^^^^^^^^^^^^^^^^^^^^^^^^

error: unsafe operation (extern static access) in `unsafe_ops::extern_static_unjustified` is missing a `// SAFETY:` justification
  --> src/lib.rs:25:14
   |
25 |     unsafe { ENV_FLAG }
   |              ^^^^^^^^
   |
   = help: add a `// SAFETY:` comment above the unsafe block or operation
note: this function can reach an unsafe operation (extern static access) without a `// SAFETY:` justification
  --> src/lib.rs:24:1
   |
24 | pub fn extern_static_unjustified() -> u32 {
   | ^^^^^^^^^^^^^^^^^^^^^^^^^^^^^^^^^^^^^^^^^

error: unsafe operation (mutable static access) in `unsafe_ops::mutable_static_unjustified` is missing a `// SAFETY:` justification
  --> src/lib.rs:21:14
   |
21 |     unsafe { COUNTER }
   |              ^^^^^^^
   |
   = help: add a `// SAFETY:` comment above the unsafe block or operation
note: this function can reach an unsafe operation (mutable static access) without a `// SAFETY:` justification
  --> src/lib.rs:20:1
   |
20 | pub fn mutable_static_unjustified() -> u32 {
   | ^^^^^^^^^^^^^^^^^^^^^^^^^^^^^^^^^^^^^^^^^^

error: unsafe operation (union field access) in `unsafe_ops::union_read_unjustified` is missing a `// SAFETY:` justification
  --> src/lib.rs:29:14
   |
29 |     unsafe { bits.word }
   |              ^^^^^^^^^
   |
   = help: add a `// SAFETY:` comment above the unsafe block or operation
note: this function can reach an unsafe operation (union field access) without a `// SAFETY:` justification
  --> src/lib.rs:28:1
   |
28 | pub fn union_read_unjustified(bits: &Bits) -> u32 {
   | ^^^^^^^^^^^^^^^^^^^^^^^^^^^^^^^^^^^^^^^^^^^^^^^^^

error: could not compile `unsafe-ops` (lib) due to 5 previous errors
