---
source: crates/sniff-test/tests/fixtures.rs
expression: snapshot
---
exit: 0
stdout:
<empty>
stderr:
    Checking trusted-boundaries v0.1.0 ([FIXTURE])
warning: [sniff-test::panics::documented-panic] this call's documented panic conditions are not accounted for
 --> src/lib.rs:6:5
  |
6 |     trusted_doc_helper(flag);
  |     ^^^^^^^^^^^^^^^^^^^^^^^^ `trusted_doc_helper` documents when this call may panic
  |
  = help: address the documented panic conditions at each affected call with `// PANIC:`
  = help: for the full explanation, run `'[SNIFF-TEST]' explain 87vz --cache-dir '[FIXTURE]/target/sniff-test/sniff-test-cache/v[FORMAT]'`

warning: [sniff-test::safety::unsafe-call-missing-justification] unsafe call requires a safety justification
  --> src/lib.rs:28:14
   |
28 |     unsafe { unsafe_helper() }
   |              ^^^^^^^^^^^^^^^ this call requires its safety preconditions to hold
   |
   = help: add a `// SAFETY:` comment explaining how the required safety invariant is upheld
   = help: for the full explanation, run `'[SNIFF-TEST]' explain grw5 --cache-dir '[FIXTURE]/target/sniff-test/sniff-test-cache/v[FORMAT]'`

warning: [sniff-test::safety::unsafe-call-missing-justification] unsafe call requires a safety justification
  --> src/lib.rs:33:14
   |
33 |     unsafe { helper() }
   |              ^^^^^^^^ this call requires its safety preconditions to hold
   |
   = help: add a `// SAFETY:` comment explaining how the required safety invariant is upheld
   = help: for the full explanation, run `'[SNIFF-TEST]' explain f136 --cache-dir '[FIXTURE]/target/sniff-test/sniff-test-cache/v[FORMAT]'`

note: set `show-full-stack-trace = true` under `[analysis]` in sniff-test.toml to show every reachability step
warning: `trusted-boundaries` (lib) generated 3 warnings
    Finished `release` profile [optimized] target(s) in [TIME]
