---
source: crates/sniff-test/tests/cli.rs
expression: snapshot
---
exit: 101
stdout:
<empty>
stderr:
    Checking unsafe-ops v0.1.0 ([FIXTURE])
error: [sniff-test::safety::raw-pointer-dereference-missing-justification] raw pointer dereference requires a safety justification
  --> src/lib.rs:17:14
   |
17 |     unsafe { *ptr }
   |              ^^^^ dereferencing requires a valid and properly aligned pointer
   |
   = help: add a `// SAFETY:` comment explaining how the required safety invariant is upheld
   = help: for the full explanation, run `'[SNIFF-TEST]' explain emn4 --cache-dir '[FIXTURE]/target/sniff-test/sniff-test-cache/v[FORMAT]'`

error: [sniff-test::safety::mutable-static-access-missing-justification] mutable static access requires a safety justification
  --> src/lib.rs:21:14
   |
21 |     unsafe { COUNTER }
   |              ^^^^^^^ access requires preserving the mutable static's synchronization invariants
   |
   = help: add a `// SAFETY:` comment explaining how the required safety invariant is upheld
   = help: for the full explanation, run `'[SNIFF-TEST]' explain djrw --cache-dir '[FIXTURE]/target/sniff-test/sniff-test-cache/v[FORMAT]'`

error: [sniff-test::safety::extern-static-access-missing-justification] extern static access requires a safety justification
  --> src/lib.rs:25:14
   |
25 |     unsafe { ENV_FLAG }
   |              ^^^^^^^^ access requires upholding the external declaration's invariants
   |
   = help: add a `// SAFETY:` comment explaining how the required safety invariant is upheld
   = help: for the full explanation, run `'[SNIFF-TEST]' explain ffnx --cache-dir '[FIXTURE]/target/sniff-test/sniff-test-cache/v[FORMAT]'`

error: [sniff-test::safety::union-field-access-missing-justification] union field access requires a safety justification
  --> src/lib.rs:29:14
   |
29 |     unsafe { bits.word }
   |              ^^^^^^^^^ the stored value must be valid for this field's type
   |
   = help: add a `// SAFETY:` comment explaining how the required safety invariant is upheld
   = help: for the full explanation, run `'[SNIFF-TEST]' explain ebfm --cache-dir '[FIXTURE]/target/sniff-test/sniff-test-cache/v[FORMAT]'`

error: [sniff-test::safety::inline-assembly-missing-justification] inline assembly requires a safety justification
  --> src/lib.rs:34:9
   |
34 |         asm!("nop");
   |         ^^^^^^^^^^^ the assembly's safety invariants must hold
   |
   = help: add a `// SAFETY:` comment explaining how the required safety invariant is upheld
   = help: for the full explanation, run `'[SNIFF-TEST]' explain qppw --cache-dir '[FIXTURE]/target/sniff-test/sniff-test-cache/v[FORMAT]'`

note: set `show-full-stack-trace = true` under `[analysis]` in sniff-test.toml to show every reachability step
error: could not compile `unsafe-ops` (lib) due to 5 previous errors
