---
source: crates/sniff-test/tests/cli.rs
expression: snapshot
---
exit: 101
stdout:
<empty>
stderr:
    Checking safe-markers v0.1.0 ([FIXTURE])
error: [sniff-test::panics::panic-invocation] panic invocation to `core::panicking::panic` has no recorded `// PANIC:` evidence
  --> src/lib.rs:21:5
   |
21 |     assert!(flag);
   |     ^^^^^^^^^^^^^
   |
   = note: reachable from `safe_markers::unsafe_call` to `core::panicking::panic`
   = note: set `show-full-stack-trace = true` under `[analysis]` in sniff-test.toml to show every reachability step
   = help: add `// PANIC:` directly above this source after establishing the invariant that contains this panic path

error: [sniff-test::panics::compiler-assert-division-by-zero] compiler assertion (division by zero) has no recorded `// PANIC:` evidence
 --> src/lib.rs:8:5
  |
8 |     total / denominator
  |     ^^^^^^^^^^^^^^^^^^^
  |
  = note: reachable from `safe_markers::unsafe_ratio` to `compiler assert division by zero`
  = note: set `show-full-stack-trace = true` under `[analysis]` in sniff-test.toml to show every reachability step
  = help: add `// PANIC:` directly above this source after establishing the invariant that contains this panic path

error: could not compile `safe-markers` (lib) due to 2 previous errors
