---
source: crates/sniff-test/tests/cli.rs
expression: snapshot
---
exit: 101
stdout:
<empty>
stderr:
    Checking closure-call-graph v0.1.0 ([FIXTURE])
error: function `basic_closure_panics` may have panic effect
 --> src/lib.rs:1:1
  |
1 | pub fn basic_closure_panics() {
  | ^^^^^^^^^^^^^^^^^^^^^^^^^^^^^ this is a public item
2 |     let panic = || panic!("called closure");
3 |     calls_fn(panic);
  |     --------------- this may have panic effect
  |
note: `basic_closure_panics` reaches `panic_fmt` here
 --> src/lib.rs:2:20
  |
2 |     let panic = || panic!("called closure");
  |                    ^^^^^^^^^^^^^^^^^^^^^^^^
  = help: if this call cannot have panic effect, explain why with a `// PANIC:` comment
  = help: if `basic_closure_panics` can have panic effect, add a `# Panics` section

note: set `show-full-stack-trace = true` under `[analysis]` in sniff-test.toml to show every reachability step
error: could not compile `closure-call-graph` (lib) due to 1 previous error
