---
source: crates/sniff-test/tests/cli.rs
expression: snapshot
---
exit: 0
stdout:
<empty>
stderr:
    Checking source-aggregation v0.1.0 ([FIXTURE])
warning: [sniff-test::panics::panic-invocation] panic invocation to `panic_fmt` has no recorded `// PANIC:` justification
 --> src/lib.rs:2:5
  |
2 |     panic!("shared source");
  |     ^^^^^^^^^^^^^^^^^^^^^^^
  |
help: add a local `// PANIC:` justification after verifying panic obligations
 --> src/lib.rs:2:5
  |
2 |     panic!("shared source");
  |     ^^^^^^^^^^^^^^^^^^^^^^^
help: document when this function may panic with `/// # Panics` here
 --> src/lib.rs:5:1
  |
5 | pub fn first_api() {
  | ^^^^^^^^^^^^^^^^^^
  = note: reachable from `first_api` to `panic_fmt`

warning: [sniff-test::panics::panic-invocation] panic invocation to `panic_fmt` has no recorded `// PANIC:` justification
 --> src/lib.rs:2:5
  |
2 |     panic!("shared source");
  |     ^^^^^^^^^^^^^^^^^^^^^^^
  |
help: add a local `// PANIC:` justification after verifying panic obligations
 --> src/lib.rs:2:5
  |
2 |     panic!("shared source");
  |     ^^^^^^^^^^^^^^^^^^^^^^^
help: document when this function may panic with `/// # Panics` here
 --> src/lib.rs:9:1
  |
9 | pub fn second_api() {
  | ^^^^^^^^^^^^^^^^^^^
  = note: reachable from `second_api` to `panic_fmt`

note: set `show-full-stack-trace = true` under `[analysis]` in sniff-test.toml to show every reachability step
warning: `source-aggregation` (lib) generated 2 warnings
    Finished `release` profile [optimized] target(s) in [TIME]
