---
source: crates/sniff-test/tests/cli.rs
expression: snapshot
---
exit: 101
stdout:
<empty>
stderr:
    Checking unsafe-ops v0.1.0 ([FIXTURE])
error: unsafe operation (inline assembly) in `unsafe_ops::asm_unjustified` is missing a `// SAFETY:` justification
  --> src/lib.rs:34:9
   |
34 |         asm!("nop");
   |         ^^^^^^^^^^^
   |
   = help: add a `// SAFETY:` comment above the unsafe block or operation
note: this function can reach an unsafe operation (inline assembly) without a `// SAFETY:` justification
  --> src/lib.rs:32:1
   |
32 | pub fn asm_unjustified() {
   | ^^^^^^^^^^^^^^^^^^^^^^^^

warning: unsafe operation (raw pointer dereference) in `unsafe_ops::deref_unjustified` is missing a `// SAFETY:` justification
  --> src/lib.rs:17:14
   |
17 |     unsafe { *ptr }
   |              ^^^^
   |
   = help: add a `// SAFETY:` comment above the unsafe block or operation
note: this function can reach an unsafe operation (raw pointer dereference) without a `// SAFETY:` justification
  --> src/lib.rs:16:1
   |
16 | pub fn deref_unjustified(ptr: *const u32) -> u32 {
   | ^^^^^^^^^^^^^^^^^^^^^^^^^^^^^^^^^^^^^^^^^^^^^^^^

warning: `unsafe-ops` (lib) generated 1 warning
error: could not compile `unsafe-ops` (lib) due to 1 previous error; 1 warning emitted
