---
source: crates/sniff-test/tests/cli.rs
expression: snapshot
---
exit: 0
stdout:
<empty>
stderr:
    Checking safety-contract-requirements v0.1.0 ([FIXTURE])
warning: safety-obligation call to `safety_contract_requirements::documented_obligation` in `safety_contract_requirements::trusted_obligation_exposes_missing_requirement` does not satisfy all `# Safety` requirements
  --> src/lib.rs:57:5
   |
57 |     documented_obligation(&raw const byte);
   |     ^^^^^^^^^^^^^^^^^^^^^^^^^^^^^^^^^^^^^^
   |
note: `safety_contract_requirements::documented_obligation` documents `# Safety` here
  --> src/lib.rs:44:1
   |
44 | pub fn documented_obligation(_ptr: *const u8) {}
   | ^^^^^^^^^^^^^^^^^^^^^^^^^^^^^^^^^^^^^^^^^^^^^
   = note: missing safety requirement `valid_ptr: pointer must be non-null.`
   = help: add named bullets under the applicable `// SAFETY:` comment for each missing requirement
note: this function can reach a call whose documented `# Safety` requirements are not all satisfied
  --> src/lib.rs:55:1
   |
55 | pub fn trusted_obligation_exposes_missing_requirement() {
   | ^^^^^^^^^^^^^^^^^^^^^^^^^^^^^^^^^^^^^^^^^^^^^^^^^^^^^^^

warning: unsafe call to `safety_contract_requirements::uncontracted_operation` in `safety_contract_requirements::unsafe_call_exposes_missing_justification` is missing a `// SAFETY:` justification
  --> src/lib.rs:37:14
   |
37 |     unsafe { uncontracted_operation() }
   |              ^^^^^^^^^^^^^^^^^^^^^^^^
   |
   = help: add a `// SAFETY:` comment above the unsafe block or call site
note: this function can reach an unsafe call without a `// SAFETY:` justification
  --> src/lib.rs:36:1
   |
36 | pub fn unsafe_call_exposes_missing_justification() {
   | ^^^^^^^^^^^^^^^^^^^^^^^^^^^^^^^^^^^^^^^^^^^^^^^^^^

warning: unsafe call to `safety_contract_requirements::read_byte` in `safety_contract_requirements::unsafe_call_exposes_missing_requirement` does not satisfy all `# Safety` requirements
  --> src/lib.rs:33:14
   |
33 |     unsafe { read_byte(ptr.as_ptr()) }
   |              ^^^^^^^^^^^^^^^^^^^^^^^
   |
note: `safety_contract_requirements::read_byte` documents `# Safety` here
  --> src/lib.rs:8:1
   |
 8 | pub unsafe fn read_byte(ptr: *const u8) -> u8 {
   | ^^^^^^^^^^^^^^^^^^^^^^^^^^^^^^^^^^^^^^^^^^^^^
   = note: missing safety requirement `initialized: pointer must reference initialized memory.`
   = help: add named bullets under the applicable `// SAFETY:` comment for each missing requirement
note: this function can reach an unsafe call whose documented `# Safety` requirements are not all satisfied
  --> src/lib.rs:27:1
   |
27 | pub fn unsafe_call_exposes_missing_requirement() -> u8 {
   | ^^^^^^^^^^^^^^^^^^^^^^^^^^^^^^^^^^^^^^^^^^^^^^^^^^^^^^

warning: `safety-contract-requirements` (lib) generated 3 warnings
    Finished `release` profile [optimized] target(s) in [TIME]
