---
source: crates/sniff-test/tests/cli.rs
expression: snapshot
---
exit: 0
stdout:
<empty>
stderr:
    Checking safety-requirements v0.1.0 ([FIXTURE])
warning: unsafe call to `safety_requirements::uncontracted_operation` in `safety_requirements::misses_justification` is missing a `// SAFETY:` justification
  --> src/lib.rs:37:14
   |
37 |     unsafe { uncontracted_operation() }
   |              ^^^^^^^^^^^^^^^^^^^^^^^^
   |
   = help: add a `// SAFETY:` comment above the unsafe block or call site
note: this function can reach an unsafe call without a `// SAFETY:` justification
  --> src/lib.rs:36:1
   |
36 | pub fn misses_justification() {
   | ^^^^^^^^^^^^^^^^^^^^^^^^^^^^^

warning: unsafe call to `safety_requirements::read_byte` in `safety_requirements::misses_one_requirement` does not satisfy all `# Safety` requirements
  --> src/lib.rs:33:14
   |
33 |     unsafe { read_byte(ptr.as_ptr()) }
   |              ^^^^^^^^^^^^^^^^^^^^^^^
   |
note: `safety_requirements::read_byte` documents `# Safety` here
  --> src/lib.rs:8:1
   |
 8 | pub unsafe fn read_byte(ptr: *const u8) -> u8 {
   | ^^^^^^^^^^^^^^^^^^^^^^^^^^^^^^^^^^^^^^^^^^^^^
   = note: missing safety requirement `initialized: pointer must reference initialized memory.`
   = help: add named bullets under the applicable `// SAFETY:` comment for each missing requirement
note: this function can reach an unsafe call whose documented `# Safety` requirements are not all satisfied
  --> src/lib.rs:27:1
   |
27 | pub fn misses_one_requirement() -> u8 {
   | ^^^^^^^^^^^^^^^^^^^^^^^^^^^^^^^^^^^^^

warning: `safety-requirements` (lib) generated 2 warnings
    Finished `release` profile [optimized] target(s) in [TIME]
