---
source: crates/sniff-test/tests/fixtures.rs
expression: snapshot
---
exit: 0
stdout:
<empty>
stderr:
    Checking indirect-calls v0.1.0 ([FIXTURE])
warning: [sniff-test::panics::documented-panic] this call's documented panic conditions are not accounted for
  --> src/lib.rs:11:5
   |
11 |     value.documented(flag);
   |     ^^^^^^^^^^^^^^^^^^^^^^ `documented` documents when this call may panic
   |
   = help: address the documented panic conditions at each affected call with `// PANIC:`
   = help: for the full explanation, run `'[SNIFF-TEST]' explain 9yhp --cache-dir '[FIXTURE]/target/sniff-test/sniff-test-cache/v[FORMAT]'`

warning: [sniff-test::safety::unresolved-call-target] cannot determine whether this call has safety requirements
  --> src/lib.rs:11:5
   |
11 |     value.documented(flag);
   |     ^^^^^^^^^^^^^^^^^^^^^^ no concrete implementation could be determined
   |
   = help: document caller safety requirements under `# Safety` on the trait method declaration
   = help: for the full explanation, run `'[SNIFF-TEST]' explain 2d9g --cache-dir '[FIXTURE]/target/sniff-test/sniff-test-cache/v[FORMAT]'`

warning: [sniff-test::panics::unresolved-call-target] cannot determine whether this call may panic
  --> src/lib.rs:15:5
   |
15 |     value.undocumented(flag);
   |     ^^^^^^^^^^^^^^^^^^^^^^^^ no concrete implementation could be determined
   |
   = help: document caller-visible panic behavior under `# Panics` on the trait method declaration
   = help: for the full explanation, run `'[SNIFF-TEST]' explain 9qf0 --cache-dir '[FIXTURE]/target/sniff-test/sniff-test-cache/v[FORMAT]'`

warning: [sniff-test::safety::unresolved-call-target] cannot determine whether this call has safety requirements
  --> src/lib.rs:15:5
   |
15 |     value.undocumented(flag);
   |     ^^^^^^^^^^^^^^^^^^^^^^^^ no concrete implementation could be determined
   |
   = help: document caller safety requirements under `# Safety` on the trait method declaration
   = help: for the full explanation, run `'[SNIFF-TEST]' explain g3fa --cache-dir '[FIXTURE]/target/sniff-test/sniff-test-cache/v[FORMAT]'`

warning: [sniff-test::panics::unresolved-call-target] cannot determine whether this call may panic
  --> src/lib.rs:19:5
   |
19 |     value.undocumented(flag);
   |     ^^^^^^^^^^^^^^^^^^^^^^^^ no concrete implementation could be determined
   |
   = help: document caller-visible panic behavior under `# Panics` on the trait method declaration
   = help: for the full explanation, run `'[SNIFF-TEST]' explain 63cn --cache-dir '[FIXTURE]/target/sniff-test/sniff-test-cache/v[FORMAT]'`

warning: [sniff-test::safety::unresolved-call-target] cannot determine whether this call has safety requirements
  --> src/lib.rs:19:5
   |
19 |     value.undocumented(flag);
   |     ^^^^^^^^^^^^^^^^^^^^^^^^ no concrete implementation could be determined
   |
   = help: document caller safety requirements under `# Safety` on the trait method declaration
   = help: for the full explanation, run `'[SNIFF-TEST]' explain c5zj --cache-dir '[FIXTURE]/target/sniff-test/sniff-test-cache/v[FORMAT]'`

warning: [sniff-test::panics::unresolved-call-target] cannot determine whether this call may panic
  --> src/lib.rs:23:5
   |
23 |     callee(flag);
   |     ^^^^^^^^^^^^ no concrete implementation could be determined
   |
   = help: make the callee concrete or make its possible implementations available to analysis
   = help: for the full explanation, run `'[SNIFF-TEST]' explain b63w --cache-dir '[FIXTURE]/target/sniff-test/sniff-test-cache/v[FORMAT]'`

warning: [sniff-test::safety::unresolved-call-target] cannot determine whether this call has safety requirements
  --> src/lib.rs:23:5
   |
23 |     callee(flag);
   |     ^^^^^^^^^^^^ no concrete implementation could be determined
   |
   = help: make the callee concrete or make its possible implementations available to analysis
   = help: for the full explanation, run `'[SNIFF-TEST]' explain gaxh --cache-dir '[FIXTURE]/target/sniff-test/sniff-test-cache/v[FORMAT]'`

note: set `show-full-stack-trace = true` under `[analysis]` in sniff-test.toml to show every reachability step
warning: `indirect-calls` (lib) generated 8 warnings
    Finished `release` profile [optimized] target(s) in [TIME]
