---
source: crates/sniff-test/tests/cli.rs
expression: snapshot
---
exit: 101
stdout:
<empty>
stderr:
    Checking panic-axioms v0.1.0 ([FIXTURE])
error: [sniff-test::panic::division-by-zero] panic operation (division by zero) has no recorded `// PANIC:` justification
 --> src/lib.rs:2:5
  |
2 |     total_size / block_count
  |     ^^^^^^^^^^^^^^^^^^^^^^^^
  |
help: [option 1] add a local `// PANIC:` justification after verifying panic obligations
 --> src/lib.rs:2:5
  |
2 |     total_size / block_count
  |     ^^^^^^^^^^^^^^^^^^^^^^^^
help: [option 2] document when this function may panic with `/// # Panics` here
 --> src/lib.rs:1:1
  |
1 | pub fn division(total_size: usize, block_count: usize) -> usize {
  | ^^^^^^^^^^^^^^^^^^^^^^^^^^^^^^^^^^^^^^^^^^^^^^^^^^^^^^^^^^^^^^^
  = note: reachable from `division` to `compiler assert division by zero`

error: [sniff-test::panic::bounds-check] panic operation (bounds check) has no recorded `// PANIC:` justification
  --> src/lib.rs:10:5
   |
10 |     values[index]
   |     ^^^^^^^^^^^^^
   |
help: [option 1] add a local `// PANIC:` justification after verifying panic obligations
  --> src/lib.rs:10:5
   |
10 |     values[index]
   |     ^^^^^^^^^^^^^
help: [option 2] document when this function may panic with `/// # Panics` here
  --> src/lib.rs:9:1
   |
 9 | pub fn indexed(values: &[usize], index: usize) -> usize {
   | ^^^^^^^^^^^^^^^^^^^^^^^^^^^^^^^^^^^^^^^^^^^^^^^^^^^^^^^
   = note: reachable from `indexed` to `compiler assert index out of bounds`

error: [sniff-test::panic::remainder-by-zero] panic operation (remainder by zero) has no recorded `// PANIC:` justification
 --> src/lib.rs:6:5
  |
6 |     total_size % block_size
  |     ^^^^^^^^^^^^^^^^^^^^^^^
  |
help: [option 1] add a local `// PANIC:` justification after verifying panic obligations
 --> src/lib.rs:6:5
  |
6 |     total_size % block_size
  |     ^^^^^^^^^^^^^^^^^^^^^^^
help: [option 2] document when this function may panic with `/// # Panics` here
 --> src/lib.rs:5:1
  |
5 | pub fn remainder(total_size: usize, block_size: usize) -> usize {
  | ^^^^^^^^^^^^^^^^^^^^^^^^^^^^^^^^^^^^^^^^^^^^^^^^^^^^^^^^^^^^^^^
  = note: reachable from `remainder` to `compiler assert remainder with a zero divisor`

note: set `show-full-stack-trace = true` under `[analysis]` in sniff-test.toml to show every reachability step
error: could not compile `panic-axioms` (lib) due to 3 previous errors
