---
source: crates/sniff-test/tests/cli.rs
expression: snapshot
---
exit: 0
stdout:
<empty>
stderr:
    Checking indirect-calls v0.1.0 ([FIXTURE])
warning: function `indirect_calls::call_documented` reaches a documented panic contract
  --> src/lib.rs:11:5
   |
11 |     value.documented(flag);
   |     ^^^^^^^^^^^^^^^^^^^^^^
   |
note: the reached callee `indirect_calls::Risky::documented` documents `# Panics` here
  --> src/lib.rs:5:5
   |
 5 |     fn documented(&self, flag: bool);
   |     ^^^^^^^^^^^^^^^^^^^^^^^^^^^^^^^^^
help: add `// PANIC:` directly above this call if a local invariant satisfies the callee contract
  --> src/lib.rs:11:5
   |
11 |     value.documented(flag);
   |     ^^^^^^^^^^^^^^^^^^^^^^
help: document the caller's propagated contract with `/// # Panics` here
  --> src/lib.rs:10:1
   |
10 | pub fn call_documented<T: Risky>(value: &T, flag: bool) {
   | ^^^^^^^^^^^^^^^^^^^^^^^^^^^^^^^^^^^^^^^^^^^^^^^^^^^^^^^
   = help: ensure this precondition in the caller, satisfy the callee contract with `// PANIC:`, or document the caller's propagated contract with `# Panics`

warning: function `indirect_calls::call_pointer` reaches an unverifiable indirect call
  --> src/lib.rs:18:1
   |
18 | pub fn call_pointer(callee: fn(bool), flag: bool) {
   | ^^^^^^^^^^^^^^^^^^^^^^^^^^^^^^^^^^^^^^^^^^^^^^^^^
   |
note: panic behavior cannot be verified here: indirect call through an opaque callable
  --> src/lib.rs:19:5
   |
19 |     callee(flag);
   |     ^^^^^^^^^^^^
   = help: document this boundary with `# Panics`, add `// PANIC:` only if every possible callee is locally constrained, or configure `indirect-call-boundary` if this opacity is acceptable

warning: function `indirect_calls::call_undocumented` reaches an unverifiable indirect call
  --> src/lib.rs:14:1
   |
14 | pub fn call_undocumented<T: Risky>(value: &T, flag: bool) {
   | ^^^^^^^^^^^^^^^^^^^^^^^^^^^^^^^^^^^^^^^^^^^^^^^^^^^^^^^^^
   |
note: panic behavior cannot be verified here: indirect call to undocumented trait method `indirect_calls::Risky::undocumented`
  --> src/lib.rs:15:5
   |
15 |     value.undocumented(flag);
   |     ^^^^^^^^^^^^^^^^^^^^^^^^
   = help: document this boundary with `# Panics`, add `// PANIC:` only if every possible callee is locally constrained, or configure `indirect-call-boundary` if this opacity is acceptable

warning: `indirect-calls` (lib) generated 3 warnings
    Finished `release` profile [optimized] target(s) in [TIME]
