---
source: crates/sniff-test/tests/cli.rs
expression: snapshot
---
exit: 0
stdout:
<empty>
stderr:
    Checking dependency-obligation v0.1.0 ([FIXTURE]/dep)
    Checking dependency-app v0.1.0 ([FIXTURE]/app)
warning: [bfb09763] function `call_dependency` may have panic effect
 --> src/lib.rs:1:1
  |
1 | pub fn call_dependency(flag: bool) {
  | ^^^^^^^^^^^^^^^^^^^^^^^^^^^^^^^^^^ this is a public item
2 |     dependency_obligation::documented(flag);
  |     --------------------------------------- this may have panic effect
  |
note: `call_dependency` reaches `documented` here
 --> src/lib.rs:2:5
  |
2 |     dependency_obligation::documented(flag);
  |     ^^^^^^^^^^^^^^^^^^^^^^^^^^^^^^^^^^^^^^^
note: `documented` has documented `# Panics` obligation
 --> [FIXTURE]/dep/src/lib.rs:1:5
  |
1 |   /// # Panics
  |  _____^
2 | | /// Panics when `flag` is false.
3 | | pub fn documented(flag: bool) {
  | |_____________________________^
  = help: if this call cannot have panic effect, explain why with a `// PANIC:` comment
  = help: if `call_dependency` can have panic effect, add a `# Panics` section

note: run `cargo sniff-test --explain <trace-id>` to see more details
note: set `show-full-stack-trace = true` under `[analysis]` in sniff-test.toml to show every reachability step
warning: `dependency-app` (lib) generated 1 warning
    Finished `release` profile [optimized] target(s) in [TIME]
