---
source: crates/sniff-test/tests/cli.rs
expression: snapshot
---
exit: 101
stdout:
<empty>
stderr:
    Checking ambiguous-safety v0.1.0 ([FIXTURE])
error: function `ambiguous_safety::reused_caller_marker_for_macro_expansion` has an ambiguous `// SAFETY:` marker
  --> src/lib.rs:91:1
   |
91 | /     // SAFETY: this fixture's operations have no additional requirements.
92 | |     call_perform_twice_without_marker!();
   | |_^
   |
note: safety effect group 1 of 2 resolves to the same marker
  --> src/lib.rs:79:9
   |
79 |         unsafe { perform() }
   |         ^^^^^^^^^^^^^^^^^^^^
...
92 |     call_perform_twice_without_marker!();
   |     ------------------------------------ in this macro invocation
note: safety effect group 2 of 2 resolves to the same marker
  --> src/lib.rs:79:9
   |
79 |         unsafe { perform() }
   |         ^^^^^^^^^^^^^^^^^^^^
...
92 |     call_perform_twice_without_marker!();
   |     ------------------------------------ in this macro invocation
   = help: give each unsafe block or operation its own marker, or set `ambiguous-safety-marker = "allow"` under `[analysis.lints]`
   = note: this error originates in the macro `perform_once_without_marker` which comes from the expansion of the macro `call_perform_twice_without_marker` (in Nightly builds, run with -Z macro-backtrace for more info)

error: function `ambiguous_safety::reused_marker_within_one_macro_expansion` has an ambiguous `// SAFETY:` marker
  --> src/lib.rs:68:1
   |
68 | /         // SAFETY: this fixture's operations have no additional requirements.
69 | |         perform_twice_without_marker!()
   | |_^
   |
note: safety effect group 1 of 2 resolves to the same marker
  --> src/lib.rs:61:9
   |
61 |         unsafe { perform() };
   |         ^^^^^^^^^^^^^^^^^^^^
...
74 |     call_perform_twice_with_one_marker!();
   |     ------------------------------------- in this macro invocation
note: safety effect group 2 of 2 resolves to the same marker
  --> src/lib.rs:62:9
   |
62 |         unsafe { perform() };
   |         ^^^^^^^^^^^^^^^^^^^^
...
74 |     call_perform_twice_with_one_marker!();
   |     ------------------------------------- in this macro invocation
   = help: give each unsafe block or operation its own marker, or set `ambiguous-safety-marker = "allow"` under `[analysis.lints]`
   = note: this error originates in the macro `perform_twice_without_marker` which comes from the expansion of the macro `call_perform_twice_with_one_marker` (in Nightly builds, run with -Z macro-backtrace for more info)

error: could not compile `ambiguous-safety` (lib) due to 2 previous errors
