---
source: crates/sniff-test/tests/cli.rs
expression: snapshot
---
exit: 101
stdout:
<empty>
stderr:
    Checking dependency-transitive-panic-leaf v0.1.0 ([FIXTURE]/leaf)
    Checking dependency-transitive-panic-middle v0.1.0 ([FIXTURE]/middle)
    Checking dependency-transitive-panic-app v0.1.0 ([FIXTURE]/app)
error: [sniff-test::panics::panic-invocation] this panic is not accounted for on every path
 --> [FIXTURE]/leaf/src/lib.rs:2:5
  |
2 |     assert!(flag, "leaf expected a set flag");
  |     ^^^^^^^^^^^^^^^^^^^^^^^^^^^^^^^^^^^^^^^^^ the panic originates here
  |
help: account for this path at this call with `// PANIC:`, or document it under `# Panics`
 --> src/lib.rs:2:5
  |
2 |     dependency_transitive_panic_middle::middle(flag);
  |     ^^^^^^^^^^^^^^^^^^^^^^^^^^^^^^^^^^^^^^^^^^^^^^^^
  = help: for the full explanation, run `'[SNIFF-TEST]' explain 4x7b --cache-dir '[FIXTURE]/app/target/sniff-test/sniff-test-cache/v[FORMAT]'`

error: could not compile `dependency-transitive-panic-app` (lib) due to 1 previous error
