---
source: crates/sniff-test/tests/cli.rs
expression: snapshot
---
exit: 101
stdout:
<empty>
stderr:
    Checking closure-call-graph v0.1.0 ([FIXTURE])
error: [sniff-test::panics::panic-invocation] this panic is not accounted for on every path
  --> src/lib.rs:2:20
   |
 2 |     let panic = || panic!("called closure");
   |                    ^^^^^^^^^^^^^^^^^^^^^^^^ the panic originates here
   |
help: account for this path at this call with `// PANIC:`, or document it under `# Panics`
  --> src/lib.rs:12:5
   |
12 |     function()
   |     ^^^^^^^^^^
   = help: for the full explanation, run `'[SNIFF-TEST]' explain 8v07 --cache-dir '[FIXTURE]/target/sniff-test/sniff-test-cache/v[FORMAT]'`

note: set `show-full-stack-trace = true` under `[analysis]` in sniff-test.toml to show every reachability step
error: could not compile `closure-call-graph` (lib) due to 1 previous error
