---
source: crates/sniff-test/tests/cli.rs
expression: snapshot
---
exit: 0
stdout:
<empty>
stderr:
    Checking report-roots v0.1.0 ([FIXTURE])
warning: [sniff-test::analysis::missing-report-root] configured report root was not found
 --> [FIXTURE]/missing.toml:2:17
  |
2 | report-roots = ["report_roots::missing_root"]
  |                 ^^^^^^^^^^^^^^^^^^^^^^^^^^^^
  |
  = note: configured under `[analysis].report-roots`
  = help: remove it or update it to a function in the current crate

warning: `report-roots` (lib) generated 1 warning
    Finished `release` profile [optimized] target(s) in [TIME]
