---
source: crates/sniff-test/tests/cli.rs
expression: snapshot
---
exit: 101
stdout:
<empty>
stderr:
    Checking safe-markers v0.1.0 ([FIXTURE])
error: [sniff-test::panics::compiler-assert-division-by-zero] this division may panic
 --> src/lib.rs:8:5
  |
8 |     total / denominator
  |     ^^^^^^^^^^^^^^^^^^^ the divisor may be zero
  |
help: if this panic cannot occur, add `// PANIC:` explaining the invariant that rules it out
 --> src/lib.rs:8:5
  |
8 |     total / denominator
  |     ^^^^^^^^^^^^^^^^^^^
help: document when this function may panic with `/// # Panics` here
 --> src/lib.rs:7:1
  |
7 | pub fn unsafe_ratio(total: usize, denominator: usize) -> usize {
  | ^^^^^^^^^^^^^^^^^^^^^^^^^^^^^^^^^^^^^^^^^^^^^^^^^^^^^^^^^^^^^^
  = note: no `// PANIC:` justification was found for this source
note: effect trace step 1/1 (report root -> effect source): safe_markers::unsafe_ratio --assert-> compiler assert division by zero
 --> src/lib.rs:8:5
  |
8 |     total / denominator
  |     ^^^^^^^^^^^^^^^^^^^
  = help: for the full explanation, run `'[SNIFF-TEST]' explain cz7w --cache-dir '[FIXTURE]/target/sniff-test/sniff-test-cache/v[FORMAT]'`

error: [sniff-test::panics::panic-invocation] this panic is not accounted for on every path
  --> src/lib.rs:21:5
   |
21 |     assert!(flag);
   |     ^^^^^^^^^^^^^ the panic originates here
   |
help: if this panic cannot occur, add `// PANIC:` explaining the invariant that rules it out
  --> src/lib.rs:21:5
   |
21 |     assert!(flag);
   |     ^^^^^^^^^^^^^
help: document when this function may panic with `/// # Panics` here
  --> src/lib.rs:16:1
   |
16 | pub fn unsafe_call(flag: bool) {
   | ^^^^^^^^^^^^^^^^^^^^^^^^^^^^^^
   = note: no `// PANIC:` justification was found for this source
note: effect trace step 1/3 (report root -> effect source): safe_markers::unsafe_call --direct-call-> safe_markers::helper
  --> src/lib.rs:17:5
   |
17 |     helper(flag);
   |     ^^^^^^^^^^^^
note: effect trace step 2/3 (report root -> effect source): safe_markers::helper --macro-expansion-> macro core::macros::builtin::assert
  --> src/lib.rs:21:5
   |
21 |     assert!(flag);
   |     ^^^^^^^^^^^^^
note: effect trace step 3/3 (report root -> effect source): macro core::macros::builtin::assert --direct-call-> core::panicking::panic
  --> src/lib.rs:21:5
   |
21 |     assert!(flag);
   |     ^^^^^^^^^^^^^
   = help: for the full explanation, run `'[SNIFF-TEST]' explain z759 --cache-dir '[FIXTURE]/target/sniff-test/sniff-test-cache/v[FORMAT]'`

error: could not compile `safe-markers` (lib) due to 2 previous errors
