---
source: crates/sniff-test/tests/fixtures.rs
expression: snapshot
---
exit: 101
stdout:
<empty>
stderr:
    Checking panic-axioms v0.1.0 ([FIXTURE])
error: [sniff-test::panics::compiler-assert-division-by-zero] this division may panic
 --> src/lib.rs:2:5
  |
2 |     total_size / block_count
  |     ^^^^^^^^^^^^^^^^^^^^^^^^ the divisor may be zero
  |
  = help: document when this panic can occur under `# Panics`, or add `// PANIC:` if an invariant rules it out
  = help: for the full explanation, run `'[SNIFF-TEST]' explain sk03 --cache-dir '[FIXTURE]/target/sniff-test/sniff-test-cache/v[FORMAT]'`

error: [sniff-test::panics::compiler-assert-remainder-by-zero] this remainder operation may panic
 --> src/lib.rs:6:5
  |
6 |     total_size % block_size
  |     ^^^^^^^^^^^^^^^^^^^^^^^ the divisor may be zero
  |
  = help: document when this panic can occur under `# Panics`, or add `// PANIC:` if an invariant rules it out
  = help: for the full explanation, run `'[SNIFF-TEST]' explain 6t1y --cache-dir '[FIXTURE]/target/sniff-test/sniff-test-cache/v[FORMAT]'`

error: [sniff-test::panics::compiler-assert-bounds-check] indexing may panic
  --> src/lib.rs:10:5
   |
10 |     values[index]
   |     ^^^^^^^^^^^^^ the index may be out of bounds
   |
   = help: document when this panic can occur under `# Panics`, or add `// PANIC:` if an invariant rules it out
   = help: for the full explanation, run `'[SNIFF-TEST]' explain vee5 --cache-dir '[FIXTURE]/target/sniff-test/sniff-test-cache/v[FORMAT]'`

note: set `show-full-stack-trace = true` under `[analysis]` in sniff-test.toml to show every reachability step
error: could not compile `panic-axioms` (lib) due to 3 previous errors
