---
source: crates/sniff-test/tests/cli.rs
expression: snapshot
---
exit: 101
stdout:
<empty>
stderr:
    Checking unsafe-ops v0.1.0 ([FIXTURE])
error: unsafe operation (inline assembly) in `unsafe_ops::asm_unjustified` is missing a `// SAFETY:` justification
  --> src/lib.rs:49:9
   |
49 |         asm!("nop");
   |         ^^^^^^^^^^^
   |
   = help: add a `// SAFETY:` comment above the unsafe block or operation

warning: unsafe operation (raw pointer dereference) in `unsafe_ops::deref_unjustified` is missing a `// SAFETY:` justification
  --> src/lib.rs:18:14
   |
18 |     unsafe { *ptr }
   |              ^^^^
   |
   = help: add a `// SAFETY:` comment above the unsafe block or operation

warning: unsafe operation (raw pointer dereference) in `unsafe_ops::macro_deref_unjustified` is missing a `// SAFETY:` justification
  --> src/lib.rs:73:5
   |
73 |     nested_deref_in_macro!(ptr)
   |     ^^^^^^^^^^^^^^^^^^^^^^^^^^^
   |
   = help: add a `// SAFETY:` comment above the unsafe block or operation
   = note: reachable from `unsafe_ops::macro_deref_unjustified` to `unsafe operation (raw pointer dereference)`
   = note: set `show-full-stack-trace = true` under `[analysis]` in sniff-test.toml to show every reachability step

warning: `unsafe-ops` (lib) generated 2 warnings
error: could not compile `unsafe-ops` (lib) due to 1 previous error; 2 warnings emitted
