---
source: crates/sniff-test/tests/cli.rs
expression: snapshot
---
exit: 0
stdout:
<empty>
stderr:
    Checking indirect-calls v0.1.0 ([FIXTURE])
warning: [sniff-test::panics::documented-panic] call to `indirect_calls::Risky::documented` with a `# Panics` contract has no recorded `// PANIC:` evidence
  --> src/lib.rs:11:5
   |
11 |     value.documented(flag);
   |     ^^^^^^^^^^^^^^^^^^^^^^
   |
   = note: `indirect_calls::Risky::documented` documents `# Panics` here
   = note: reachable from `indirect_calls::call_documented` to `indirect_calls::Risky::documented`
   = note: set `show-full-stack-trace = true` under `[analysis]` in sniff-test.toml to show every reachability step
   = help: add `// PANIC:` directly above this source after establishing the invariant that contains this panic path
help: document when this function may panic with `/// # Panics` here
  --> src/lib.rs:10:1
   |
10 | pub fn call_documented<T: Risky>(value: &T, flag: bool) {
   | ^^^^^^^^^^^^^^^^^^^^^^^^^^^^^^^^^^^^^^^^^^^^^^^^^^^^^^^

warning: [sniff-test::safety::unresolved-call-target] function `indirect_calls::call_documented` has incomplete safety coverage
  --> src/lib.rs:11:5
   |
11 |     value.documented(flag);
   |     ^^^^^^^^^^^^^^^^^^^^^^
   |
note: safety coverage is incomplete here: unresolved generic-dispatch call target (indirect_calls::Risky::documented)
  --> src/lib.rs:11:5
   |
11 |     value.documented(flag);
   |     ^^^^^^^^^^^^^^^^^^^^^^
   = note: the call to `indirect_calls::Risky::documented` uses generic dispatch
   = note: reachable from `indirect_calls::call_documented` to `indirect_calls::Risky::documented`
   = note: set `show-full-stack-trace = true` under `[analysis]` in sniff-test.toml to show every reachability step
   = help: document caller safety requirements under `# Safety` on the trait method declaration; otherwise configure `[safety.lints].unresolved-call-target` if the uncertainty is acceptable

warning: [sniff-test::panics::unresolved-call-target] function `indirect_calls::call_dyn` has incomplete panic coverage
  --> src/lib.rs:19:5
   |
19 |     value.undocumented(flag);
   |     ^^^^^^^^^^^^^^^^^^^^^^^^
   |
note: panic coverage is incomplete here: unresolved dynamic-dispatch call target (indirect_calls::Risky::undocumented)
  --> src/lib.rs:19:5
   |
19 |     value.undocumented(flag);
   |     ^^^^^^^^^^^^^^^^^^^^^^^^
   = note: the call to `indirect_calls::Risky::undocumented` uses dynamic dispatch
   = note: reachable from `indirect_calls::call_dyn` to `indirect_calls::Risky::undocumented`
   = note: set `show-full-stack-trace = true` under `[analysis]` in sniff-test.toml to show every reachability step
   = help: document caller-visible panic behavior under `# Panics` on the trait method declaration; otherwise configure `[panics.lints].unresolved-call-target` if the uncertainty is acceptable

warning: [sniff-test::safety::unresolved-call-target] function `indirect_calls::call_dyn` has incomplete safety coverage
  --> src/lib.rs:19:5
   |
19 |     value.undocumented(flag);
   |     ^^^^^^^^^^^^^^^^^^^^^^^^
   |
note: safety coverage is incomplete here: unresolved dynamic-dispatch call target (indirect_calls::Risky::undocumented)
  --> src/lib.rs:19:5
   |
19 |     value.undocumented(flag);
   |     ^^^^^^^^^^^^^^^^^^^^^^^^
   = note: the call to `indirect_calls::Risky::undocumented` uses dynamic dispatch
   = note: reachable from `indirect_calls::call_dyn` to `indirect_calls::Risky::undocumented`
   = note: set `show-full-stack-trace = true` under `[analysis]` in sniff-test.toml to show every reachability step
   = help: document caller safety requirements under `# Safety` on the trait method declaration; otherwise configure `[safety.lints].unresolved-call-target` if the uncertainty is acceptable

warning: [sniff-test::panics::unresolved-call-target] function `indirect_calls::call_pointer` has incomplete panic coverage
  --> src/lib.rs:23:5
   |
23 |     callee(flag);
   |     ^^^^^^^^^^^^
   |
note: panic coverage is incomplete here: unresolved function-pointer call target
  --> src/lib.rs:23:5
   |
23 |     callee(flag);
   |     ^^^^^^^^^^^^
   = note: this call uses a function pointer
   = note: reachable from `indirect_calls::call_pointer` to `indirect call through a function pointer`
   = note: set `show-full-stack-trace = true` under `[analysis]` in sniff-test.toml to show every reachability step
   = help: make the callee concrete or make its possible implementations available to analysis; otherwise configure `[panics.lints].unresolved-call-target` if the uncertainty is acceptable

warning: [sniff-test::safety::unresolved-call-target] function `indirect_calls::call_pointer` has incomplete safety coverage
  --> src/lib.rs:23:5
   |
23 |     callee(flag);
   |     ^^^^^^^^^^^^
   |
note: safety coverage is incomplete here: unresolved function-pointer call target
  --> src/lib.rs:23:5
   |
23 |     callee(flag);
   |     ^^^^^^^^^^^^
   = note: this call uses a function pointer
   = note: reachable from `indirect_calls::call_pointer` to `indirect call through a function pointer`
   = note: set `show-full-stack-trace = true` under `[analysis]` in sniff-test.toml to show every reachability step
   = help: make the callee concrete or make its possible implementations available to analysis; otherwise configure `[safety.lints].unresolved-call-target` if the uncertainty is acceptable

warning: [sniff-test::panics::unresolved-call-target] function `indirect_calls::call_undocumented` has incomplete panic coverage
  --> src/lib.rs:15:5
   |
15 |     value.undocumented(flag);
   |     ^^^^^^^^^^^^^^^^^^^^^^^^
   |
note: panic coverage is incomplete here: unresolved generic-dispatch call target (indirect_calls::Risky::undocumented)
  --> src/lib.rs:15:5
   |
15 |     value.undocumented(flag);
   |     ^^^^^^^^^^^^^^^^^^^^^^^^
   = note: the call to `indirect_calls::Risky::undocumented` uses generic dispatch
   = note: reachable from `indirect_calls::call_undocumented` to `indirect_calls::Risky::undocumented`
   = note: set `show-full-stack-trace = true` under `[analysis]` in sniff-test.toml to show every reachability step
   = help: document caller-visible panic behavior under `# Panics` on the trait method declaration; otherwise configure `[panics.lints].unresolved-call-target` if the uncertainty is acceptable

warning: [sniff-test::safety::unresolved-call-target] function `indirect_calls::call_undocumented` has incomplete safety coverage
  --> src/lib.rs:15:5
   |
15 |     value.undocumented(flag);
   |     ^^^^^^^^^^^^^^^^^^^^^^^^
   |
note: safety coverage is incomplete here: unresolved generic-dispatch call target (indirect_calls::Risky::undocumented)
  --> src/lib.rs:15:5
   |
15 |     value.undocumented(flag);
   |     ^^^^^^^^^^^^^^^^^^^^^^^^
   = note: the call to `indirect_calls::Risky::undocumented` uses generic dispatch
   = note: reachable from `indirect_calls::call_undocumented` to `indirect_calls::Risky::undocumented`
   = note: set `show-full-stack-trace = true` under `[analysis]` in sniff-test.toml to show every reachability step
   = help: document caller safety requirements under `# Safety` on the trait method declaration; otherwise configure `[safety.lints].unresolved-call-target` if the uncertainty is acceptable

warning: `indirect-calls` (lib) generated 8 warnings
    Finished `release` profile [optimized] target(s) in [TIME]
