---
source: crates/sniff-test/tests/cli.rs
expression: snapshot
---
exit: 0
stdout:
<empty>
stderr:
    Checking dependency-obligation v0.1.0 ([FIXTURE]/dep)
    Checking dependency-app v0.1.0 ([FIXTURE]/app)
warning: function `dependency_app::call_dependency` may panic through a documented panic
 --> src/lib.rs:2:5
  |
2 |     dependency_obligation::documented(flag);
  |     ^^^^^^^^^^^^^^^^^^^^^^^^^^^^^^^^^^^^^^^
  |
note: the reached callee `dependency_obligation::documented` documents `# Panics` here
 --> [FIXTURE]/dep/src/lib.rs:3:1
  |
3 | pub fn documented(flag: bool) {
  | ^^^^^^^^^^^^^^^^^^^^^^^^^^^^^
help: add `// PANIC:` directly above this call explaining why its documented panic conditions cannot occur
 --> src/lib.rs:2:5
  |
2 |     dependency_obligation::documented(flag);
  |     ^^^^^^^^^^^^^^^^^^^^^^^^^^^^^^^^^^^^^^^
help: document when this function may panic with `/// # Panics` here
 --> src/lib.rs:1:1
  |
1 | pub fn call_dependency(flag: bool) {
  | ^^^^^^^^^^^^^^^^^^^^^^^^^^^^^^^^^^
  = help: ensure the callee's panic conditions cannot occur, justify that with `// PANIC:`, or document when the caller may panic with `# Panics`

warning: `dependency-app` (lib) generated 1 warning
    Finished `release` profile [optimized] target(s) in [TIME]
