---
source: crates/sniff-test/tests/cli.rs
expression: snapshot
---
exit: 0
stdout:
<empty>
stderr:
    Checking safety-contract-requirements v0.1.0 ([FIXTURE])
warning: [sniff-test::safety::safety-obligation-missing-requirements] call to `documented_obligation` with a `# Safety` obligation has no recorded `// SAFETY:` justification
  --> src/lib.rs:57:5
   |
57 |     documented_obligation(&raw const byte);
   |     ^^^^^^^^^^^^^^^^^^^^^^^^^^^^^^^^^^^^^^
   |
help: [option 1] add a local `// SAFETY:` justification after verifying safety obligations
  --> src/lib.rs:57:5
   |
57 |     documented_obligation(&raw const byte);
   |     ^^^^^^^^^^^^^^^^^^^^^^^^^^^^^^^^^^^^^^
help: [option 2] document this function's safety obligations with `/// # Safety` here
  --> src/lib.rs:55:1
   |
55 | pub fn trusted_obligation_exposes_missing_requirement() {
   | ^^^^^^^^^^^^^^^^^^^^^^^^^^^^^^^^^^^^^^^^^^^^^^^^^^^^^^^
note: `documented_obligation` documents `# Safety` here
  --> src/lib.rs:44:1
   |
44 | pub fn documented_obligation(_ptr: *const u8) {}
   | ^^^^^^^^^^^^^^^^^^^^^^^^^^^^^^^^^^^^^^^^^^^^^
   = note: missing safety requirement `valid_ptr: pointer must be non-null.`
   = note: reachable from `trusted_obligation_exposes_missing_requirement` to `documented_obligation`

warning: [sniff-test::safety::unsafe-call-missing-justification] unsafe call to `uncontracted_operation` has no recorded `// SAFETY:` justification
  --> src/lib.rs:37:14
   |
37 |     unsafe { uncontracted_operation() }
   |              ^^^^^^^^^^^^^^^^^^^^^^^^
   |
help: [option 1] add a local `// SAFETY:` justification after verifying safety obligations
  --> src/lib.rs:37:14
   |
37 |     unsafe { uncontracted_operation() }
   |              ^^^^^^^^^^^^^^^^^^^^^^^^
help: [option 2] document this function's safety obligations with `/// # Safety` here
  --> src/lib.rs:36:1
   |
36 | pub fn unsafe_call_exposes_missing_justification() {
   | ^^^^^^^^^^^^^^^^^^^^^^^^^^^^^^^^^^^^^^^^^^^^^^^^^^
   = note: reachable from `unsafe_call_exposes_missing_justification` to `uncontracted_operation`

warning: [sniff-test::safety::unsafe-call-missing-requirements] recorded `// SAFETY:` justification for unsafe call to `read_byte` does not satisfy the remaining `# Safety` requirements
  --> src/lib.rs:33:14
   |
33 |     unsafe { read_byte(ptr.as_ptr()) }
   |              ^^^^^^^^^^^^^^^^^^^^^^^
   |
   = help: [option 1] update the recorded `// SAFETY:` justification to address each remaining `# Safety` requirement
help: [option 2] document this function's safety obligations with `/// # Safety` here
  --> src/lib.rs:27:1
   |
27 | pub fn unsafe_call_exposes_missing_requirement() -> u8 {
   | ^^^^^^^^^^^^^^^^^^^^^^^^^^^^^^^^^^^^^^^^^^^^^^^^^^^^^^
note: `read_byte` documents `# Safety` here
  --> src/lib.rs:8:1
   |
 8 | pub unsafe fn read_byte(ptr: *const u8) -> u8 {
   | ^^^^^^^^^^^^^^^^^^^^^^^^^^^^^^^^^^^^^^^^^^^^^
   = note: remaining unsatisfied safety requirement `initialized: pointer must reference initialized memory.`
   = note: reachable from `unsafe_call_exposes_missing_requirement` to `read_byte`

note: set `show-full-stack-trace = true` under `[analysis]` in sniff-test.toml to show every reachability step
warning: `safety-contract-requirements` (lib) generated 3 warnings
    Finished `release` profile [optimized] target(s) in [TIME]
