---
source: crates/sniff-test/tests/cli.rs
expression: snapshot
---
exit: 101
stdout:
<empty>
stderr:
    Checking panic-axioms v0.1.0 ([FIXTURE])
error: function `panic_axioms::indexed` has an undocumented panic path
  --> src/lib.rs:9:1
   |
 9 | pub fn indexed(values: &[usize], index: usize) -> usize {
   | ^^^^^^^^^^^^^^^^^^^^^^^^^^^^^^^^^^^^^^^^^^^^^^^^^^^^^^^
   |
note: panic may happen here: compiler assertion: index out of bounds
  --> src/lib.rs:10:5
   |
10 |     values[index]
   |     ^^^^^^^^^^^^^
   = help: add a guard, document the panic with `# Panics`, or add `// PANIC:` if a local invariant proves it cannot panic

warning: function `panic_axioms::remainder` has an undocumented panic path
 --> src/lib.rs:5:1
  |
5 | pub fn remainder(total_size: usize, block_size: usize) -> usize {
  | ^^^^^^^^^^^^^^^^^^^^^^^^^^^^^^^^^^^^^^^^^^^^^^^^^^^^^^^^^^^^^^^
  |
note: panic may happen here: compiler assertion: remainder with a zero divisor
 --> src/lib.rs:6:5
  |
6 |     total_size % block_size
  |     ^^^^^^^^^^^^^^^^^^^^^^^
  = help: add a guard, document the panic with `# Panics`, or add `// PANIC:` if a local invariant proves it cannot panic

warning: `panic-axioms` (lib) generated 1 warning
error: could not compile `panic-axioms` (lib) due to 1 previous error; 1 warning emitted
