---
source: crates/sniff-test/tests/fixtures.rs
expression: messages
---
[
  {
    "artifact": {
      "crate-name": "dependency_safety_partial_requirements_app"
    },
    "findings": [
      {
        "function": "dependency_safety_partial_requirements::misses_both_requirements",
        "kind": "safety-obligation-missing-requirements",
        "level": "deny",
        "missing-requirements": [
          "aligned: the shared buffer must be aligned"
        ],
        "reason": "safety-obligation call to `dependency_safety_partial_requirements::requires_both_invariants` does not satisfy all # Safety requirements",
        "requirements": [
          "initialized: global state must be initialized",
          "aligned: the shared buffer must be aligned"
        ],
        "root": "dependency_safety_partial_requirements_app::satisfies_only_one_cached_requirement",
        "root-kind": "concrete",
        "span": "[FIXTURE]/dep/src/lib.rs:9:5: 9:31",
        "target": "dependency_safety_partial_requirements::requires_both_invariants",
        "trace": [
          "src/lib.rs:4:5: 4:71: dependency_safety_partial_requirements_app::satisfies_only_one_cached_requirement --direct-call-> dependency_safety_partial_requirements::misses_both_requirements",
          "[FIXTURE]/dep/src/lib.rs:9:5: 9:31: dependency_safety_partial_requirements::misses_both_requirements --direct-call-> dependency_safety_partial_requirements::requires_both_invariants"
        ]
      }
    ],
    "format-version": 12,
    "reason": "sniff-test-artifact",
    "rustc-version": "[RUSTC_VERSION]",
    "tool-version": "0.1.0"
  }
]
