---
source: crates/sniff-test/tests/fixtures.rs
expression: messages
---
[
  {
    "artifact": {
      "artifact-id": "[ARTIFACT_ID]",
      "crate-name": "contract_overrides"
    },
    "dependencies": [],
    "findings": [
      {
        "function": "contract_overrides::safety_override_missing_requirement",
        "kind": "unsafe-call-missing-requirements",
        "level": "warn",
        "missing-requirements": [
          "initialized: pointer must reference initialized memory."
        ],
        "reason": "unsafe call to `contract_overrides::synthetic_read` does not satisfy all # Safety requirements",
        "root": "contract_overrides::safety_override_missing_requirement",
        "root-kind": "concrete",
        "span": "src/lib.rs:30:14: 30:42",
        "target": "contract_overrides::synthetic_read"
      },
      {
        "kind": "documented-panic",
        "level": "warn",
        "missing-requirements": [
          "flag: flag must be true."
        ],
        "reason": "contract_overrides::panic_contract documents when it may panic under # Panics",
        "root": "contract_overrides::panic_override_missing_marker",
        "root-kind": "concrete",
        "span": "src/lib.rs:8:5: 8:25",
        "target": "contract_overrides::panic_contract",
        "trace": [
          "src/lib.rs:8:5: 8:25: contract_overrides::panic_override_missing_marker --direct-call-> contract_overrides::panic_contract"
        ]
      }
    ],
    "format-version": 9,
    "reason": "sniff-test-artifact",
    "rustc-version": "[RUSTC_VERSION]",
    "scope": "workspace",
    "tool-version": "0.1.0"
  }
]
