---
source: crates/sniff-test/tests/fixtures.rs
expression: messages
---
[
  {
    "artifact": {
      "artifact-id": "[ARTIFACT_ID]",
      "crate-name": "feature_gated"
    },
    "dependencies": [],
    "findings": [
      {
        "kind": "panic-invocation",
        "level": "deny",
        "reason": "panic sink core::panicking::panic",
        "root": "feature_gated::feature_root",
        "root-kind": "concrete",
        "span": "src/lib.rs:3:5: 3:18",
        "target": "core::panicking::panic",
        "trace": [
          "src/lib.rs:3:5: 3:18: feature_gated::feature_root --macro-expansion-> macro core::std::assert",
          "src/lib.rs:3:5: 3:18: macro core::std::assert --direct-call-> core::panicking::panic"
        ]
      }
    ],
    "format-version": 5,
    "reason": "sniff-test-artifact",
    "rustc-version": "[RUSTC_VERSION]",
    "scope": "workspace",
    "tool-version": "0.1.0"
  }
]
