---
source: crates/sniff-test/tests/fixtures.rs
expression: messages
---
[
  {
    "artifact": {
      "artifact-id": "[ARTIFACT_ID]",
      "crate-name": "custom_index_impl",
      "crate-types": [
        "lib"
      ],
      "extra-filename": "[EXTRA_FILENAME]",
      "manifest-path": null,
      "metadata": "[METADATA]",
      "package-name": null,
      "package-version": null,
      "target": null
    },
    "concrete-roots": 1,
    "counts": {
      "panic-obligations": 0,
      "raw-panic-paths": 1,
      "trusted-panic-obligations": 0
    },
    "dependencies": [],
    "dependency-cache": {
      "hits": 0,
      "total": 0
    },
    "format-version": 1,
    "generic-roots": 0,
    "missing-roots": [],
    "reason": "sniff-test-artifact",
    "roots": [
      {
        "counts": {
          "panic-obligations": 0,
          "raw-panic-paths": 1,
          "trusted-panic-obligations": 0
        },
        "findings": [
          {
            "edge": "<custom_index_impl::Foo as std::ops::Index<usize>>::index --direct-call-> core::std::rt::panic_fmt",
            "kind": "panic-invocation",
            "level": "deny",
            "reason": "panic sink core::std::rt::panic_fmt",
            "span": "[SYSROOT]/lib/rustlib/src/rust/library/core/src/panic.rs:62:9: 62:73",
            "target": "core::std::rt::panic_fmt",
            "trace": [
              "[FIXTURE]/src/lib.rs:5:16: 5:20: custom_index_impl::custom_index_panics --direct-call-> <custom_index_impl::Foo as std::ops::Index<usize>>::index",
              "[SYSROOT]/lib/rustlib/src/rust/library/core/src/panic.rs:62:9: 62:73: <custom_index_impl::Foo as std::ops::Index<usize>>::index --direct-call-> core::std::rt::panic_fmt"
            ]
          }
        ],
        "has-panic-docs": false,
        "root": "custom_index_impl::custom_index_panics",
        "root-declaration": "[FIXTURE]/src/lib.rs:3:1",
        "root-kind": "concrete"
      }
    ],
    "rustc-version": "[RUSTC_VERSION]",
    "scope": "workspace",
    "tool-version": "0.1.0"
  }
]
