---
source: crates/sniff-test/tests/fixtures.rs
expression: messages
---
[
  {
    "artifact": {
      "crate-name": "dependency_panic_incomplete_resolved_app"
    },
    "findings": [
      {
        "kind": "panic-analysis-incomplete",
        "level": "deny",
        "reason": "panic analysis reached the configured node limit (2)",
        "root": "dependency_panic_incomplete_resolved_app::call_incomplete_dependency",
        "root-kind": "concrete"
      }
    ],
    "format-version": 12,
    "reason": "sniff-test-artifact",
    "rustc-version": "[RUSTC_VERSION]",
    "tool-version": "0.1.0"
  }
]
