---
source: crates/sniff-test/tests/fixtures.rs
expression: messages
---
[
  {
    "artifact": {
      "artifact-id": "[ARTIFACT_ID]",
      "crate-name": "safety_requirements"
    },
    "dependencies": [],
    "findings": [
      {
        "effect": "safety",
        "function": "safety_requirements::configured_safety_obligation_missing_justification",
        "kind": "safety-obligation-missing-justification",
        "level": "warn",
        "reason": "safety-obligation call to `safety_requirements::safe_undocumented_contract` has no `// SAFETY:` justification",
        "root": "safety_requirements::configured_safety_obligation_missing_justification",
        "root-kind": "concrete",
        "span": "src/lib.rs:168:5: 168:33",
        "target": "safety_requirements::safe_undocumented_contract"
      },
      {
        "effect": "safety",
        "function": "safety_requirements::configured_safety_obligation_missing_requirement",
        "kind": "safety-obligation-missing-requirements",
        "level": "warn",
        "missing-requirements": [
          "valid_ptr: pointer must be non-null."
        ],
        "reason": "safety-obligation call to `safety_requirements::safe_documented_contract` does not satisfy all # Safety requirements",
        "root": "safety_requirements::configured_safety_obligation_missing_requirement",
        "root-kind": "concrete",
        "span": "src/lib.rs:164:5: 164:34",
        "target": "safety_requirements::safe_documented_contract"
      }
    ],
    "format-version": 8,
    "reason": "sniff-test-artifact",
    "rustc-version": "[RUSTC_VERSION]",
    "scope": "workspace",
    "tool-version": "0.1.0"
  }
]
