---
source: crates/sniff-test/tests/fixtures.rs
expression: messages
---
[
  {
    "artifact": {
      "artifact-id": "[ARTIFACT_ID]",
      "crate-name": "transitive_effect_markers"
    },
    "dependencies": [],
    "findings": [
      {
        "function": "transitive_effect_markers::justified_safety_path",
        "kind": "ambiguous-safety-marker",
        "level": "deny",
        "reason": "one `// SAFETY:` marker applies to 2 safety effect groups",
        "root": "transitive_effect_markers::justified_safety_path",
        "root-kind": "concrete",
        "span": "src/lib.rs:17:1: 18:1"
      }
    ],
    "format-version": 9,
    "reason": "sniff-test-artifact",
    "rustc-version": "[RUSTC_VERSION]",
    "scope": "workspace",
    "tool-version": "0.1.0"
  }
]
