---
source: crates/sniff-test/tests/fixtures.rs
expression: "report[\"findings\"]"
---
[
  {
    "effect": "panic",
    "finding": "concrete-operation",
    "function": "panic_axioms::division",
    "kind": "effect",
    "level": "deny",
    "operation": "division-by-zero",
    "owner": {
      "crate": "panic_axioms",
      "scope": "workspace"
    },
    "reason": "division by zero has no recorded `// PANIC:` justification",
    "root": "panic_axioms::division",
    "root-kind": "concrete",
    "root-span": "src/lib.rs:1:1: 1:64",
    "source-evidence": {
      "status": "verified-absent"
    },
    "span": "src/lib.rs:2:5: 2:29",
    "trace": [
      "src/lib.rs:2:5: 2:29: panic_axioms::division --effect-operation-> division by zero"
    ]
  },
  {
    "effect": "panic",
    "finding": "concrete-operation",
    "function": "panic_axioms::indexed",
    "kind": "effect",
    "level": "deny",
    "operation": "bounds-check",
    "owner": {
      "crate": "panic_axioms",
      "scope": "workspace"
    },
    "reason": "bounds check has no recorded `// PANIC:` justification",
    "root": "panic_axioms::indexed",
    "root-kind": "concrete",
    "root-span": "src/lib.rs:9:1: 9:56",
    "source-evidence": {
      "status": "verified-absent"
    },
    "span": "src/lib.rs:10:5: 10:18",
    "trace": [
      "src/lib.rs:10:5: 10:18: panic_axioms::indexed --effect-operation-> bounds check"
    ]
  },
  {
    "effect": "panic",
    "finding": "concrete-operation",
    "function": "panic_axioms::remainder",
    "kind": "effect",
    "level": "deny",
    "operation": "remainder-by-zero",
    "owner": {
      "crate": "panic_axioms",
      "scope": "workspace"
    },
    "reason": "remainder by zero has no recorded `// PANIC:` justification",
    "root": "panic_axioms::remainder",
    "root-kind": "concrete",
    "root-span": "src/lib.rs:5:1: 5:64",
    "source-evidence": {
      "status": "verified-absent"
    },
    "span": "src/lib.rs:6:5: 6:28",
    "trace": [
      "src/lib.rs:6:5: 6:28: panic_axioms::remainder --effect-operation-> remainder by zero"
    ]
  }
]
