---
source: crates/sniff-test/tests/fixtures.rs
expression: "report[\"findings\"]"
---
[
  {
    "kind": "documented-panic",
    "level": "warn",
    "reason": "documented_obligation::documented_contract documents when it may panic under # Panics",
    "root": "documented_obligation::reaches_documented_contract",
    "root-kind": "concrete",
    "root-span": "src/lib.rs:7:1: 7:47",
    "span": "src/lib.rs:8:5: 8:30",
    "target": "documented_obligation::documented_contract",
    "trace": [
      "src/lib.rs:8:5: 8:30: documented_obligation::reaches_documented_contract --direct-call-> documented_obligation::documented_contract"
    ]
  }
]
