---
source: crates/sniff-test/tests/fixtures.rs
expression: "report[\"findings\"]"
---
[
  {
    "function": "trusted_boundaries::trusted_unsafe_through_fn_pointer",
    "kind": "unsafe-call-missing-justification",
    "level": "warn",
    "owner": {
      "crate": "trusted_boundaries",
      "scope": "workspace"
    },
    "reason": "unsafe call to `unsafe function pointer` has no recorded `// SAFETY:` evidence",
    "root": "trusted_boundaries::trusted_unsafe_through_fn_pointer",
    "root-kind": "concrete",
    "root-span": "src/lib.rs:31:1: 31:82",
    "source-evidence": {
      "status": "verified-absent"
    },
    "span": "src/lib.rs:33:14: 33:22",
    "target": "unsafe function pointer",
    "trace": [
      "src/lib.rs:33:14: 33:22: trusted_boundaries::trusted_unsafe_through_fn_pointer --indirect-call-> indirect call through an unsafe function pointer"
    ]
  },
  {
    "function": "trusted_boundaries::trusted_unsafe_without_docs",
    "kind": "unsafe-call-missing-justification",
    "level": "warn",
    "owner": {
      "crate": "trusted_boundaries",
      "scope": "workspace"
    },
    "reason": "unsafe call to `trusted_boundaries::unsafe_helper` has no recorded `// SAFETY:` evidence",
    "root": "trusted_boundaries::trusted_unsafe_without_docs",
    "root-kind": "concrete",
    "root-span": "src/lib.rs:27:1: 27:37",
    "source-evidence": {
      "status": "verified-absent"
    },
    "span": "src/lib.rs:28:14: 28:29",
    "target": "trusted_boundaries::unsafe_helper",
    "trace": [
      "src/lib.rs:28:14: 28:29: trusted_boundaries::trusted_unsafe_without_docs --direct-call-> trusted_boundaries::unsafe_helper"
    ]
  },
  {
    "kind": "documented-panic",
    "level": "warn",
    "owner": {
      "crate": "trusted_boundaries",
      "scope": "workspace"
    },
    "reason": "call to `trusted_boundaries::trusted_doc_helper` with a `# Panics` contract has no recorded `// PANIC:` evidence",
    "root": "trusted_boundaries::trusted_with_docs",
    "root-kind": "concrete",
    "root-span": "src/lib.rs:5:1: 5:37",
    "source-evidence": {
      "status": "verified-absent"
    },
    "span": "src/lib.rs:6:5: 6:29",
    "target": "trusted_boundaries::trusted_doc_helper",
    "trace": [
      "src/lib.rs:6:5: 6:29: trusted_boundaries::trusted_with_docs --direct-call-> trusted_boundaries::trusted_doc_helper"
    ]
  }
]
