---
source: crates/sniff-test/tests/fixtures.rs
expression: messages
---
[
  {
    "artifact": {
      "artifact-id": "[ARTIFACT_ID]",
      "crate-name": "safety_requirements",
      "crate-types": [
        "lib"
      ],
      "extra-filename": "[EXTRA_FILENAME]",
      "manifest-path": "[FIXTURE]/Cargo.toml",
      "metadata": "[METADATA]",
      "package-name": "safety-requirements",
      "package-version": "0.1.0",
      "target": null
    },
    "concrete-roots": 0,
    "counts": {
      "analysis-incomplete": 0,
      "documented-panics": 0,
      "indirect-call-boundaries": 0,
      "raw-panic-paths": 0,
      "trusted-panics": 0
    },
    "dependencies": [],
    "dependency-cache": {
      "failed": 0,
      "hits": 0,
      "total": 0
    },
    "format-version": 2,
    "generic-roots": 0,
    "missing-roots": [],
    "reason": "sniff-test-artifact",
    "roots": [],
    "rustc-version": "[RUSTC_VERSION]",
    "safety": {
      "counts": {
        "missing-docs": 0,
        "missing-justification": 1,
        "missing-requirements": 1
      },
      "findings": [
        {
          "function": "safety_requirements::unsafe_fn_pointer_missing_justification",
          "kind": "missing-justification",
          "level": "warn",
          "reason": "unsafe call to `unsafe function pointer` has no `// SAFETY:` justification",
          "span": "src/lib.rs:103:14: 103:24",
          "target": "unsafe function pointer"
        },
        {
          "function": "safety_requirements::generic_unsafe_trait_method_missing",
          "kind": "missing-requirements",
          "level": "warn",
          "missing-requirements": [
            "valid_ptr: pointer must be non-null."
          ],
          "reason": "unsafe call to `safety_requirements::UnsafeGreeter::greet` does not satisfy all # Safety requirements",
          "span": "src/lib.rs:139:14: 139:32",
          "target": "safety_requirements::UnsafeGreeter::greet"
        }
      ]
    },
    "scope": "workspace",
    "tool-version": "0.1.0"
  }
]
