---
source: crates/sniff-test/tests/fixtures.rs
expression: messages
---
[
  {
    "artifact": {
      "crate-name": "dependency_identity_app"
    },
    "findings": [
      {
        "kind": "panic-invocation",
        "level": "deny",
        "reason": "panic sink core::std::rt::panic_fmt",
        "root": "dependency_identity_app::run_reexported",
        "root-kind": "concrete",
        "span": "[FIXTURE]/dep/src/lib.rs:25:9: 25:49",
        "target": "core::std::rt::panic_fmt",
        "trace": [
          "src/lib.rs:12:5: 12:35: dependency_identity_app::run_reexported --direct-call-> dependency_identity::run",
          "[FIXTURE]/dep/src/lib.rs:25:9: 25:49: dependency_identity::run --macro-expansion-> macro core::std::assert",
          "[FIXTURE]/dep/src/lib.rs:25:9: 25:49: macro core::std::assert --macro-expansion-> macro core::std::panic::panic_2021",
          "[SYSROOT]/lib/rustlib/src/rust/library/core/src/panic.rs:62:9: 62:73: macro core::std::panic::panic_2021 --direct-call-> core::std::rt::panic_fmt"
        ]
      },
      {
        "kind": "panic-invocation",
        "level": "deny",
        "reason": "panic sink core::std::rt::panic_fmt",
        "root": "dependency_identity_app::sniff_buffer",
        "root-kind": "concrete",
        "span": "[FIXTURE]/dep/src/lib.rs:19:9: 19:52",
        "target": "core::std::rt::panic_fmt",
        "trace": [
          "src/lib.rs:8:5: 8:23: dependency_identity_app::sniff_buffer --direct-call-> <dependency_identity::std::vec::Vec<u8> as dependency_identity::Sniffer>::sniff",
          "[FIXTURE]/dep/src/lib.rs:19:9: 19:52: <dependency_identity::std::vec::Vec<u8> as dependency_identity::Sniffer>::sniff --macro-expansion-> macro core::std::assert",
          "[FIXTURE]/dep/src/lib.rs:19:9: 19:52: macro core::std::assert --macro-expansion-> macro core::std::panic::panic_2021",
          "[SYSROOT]/lib/rustlib/src/rust/library/core/src/panic.rs:62:9: 62:73: macro core::std::panic::panic_2021 --direct-call-> core::std::rt::panic_fmt"
        ]
      },
      {
        "kind": "panic-invocation",
        "level": "deny",
        "reason": "panic sink core::std::rt::panic_fmt",
        "root": "dependency_identity_app::sniff_dyn",
        "root-kind": "concrete",
        "span": "[FIXTURE]/dep/src/lib.rs:13:9: 13:52",
        "target": "core::std::rt::panic_fmt",
        "trace": [
          "src/lib.rs:16:33: 16:40: dependency_identity_app::sniff_dyn --vtable-entry-> <dependency_identity::Widget as dependency_identity::Sniffer>::sniff",
          "[FIXTURE]/dep/src/lib.rs:13:9: 13:52: <dependency_identity::Widget as dependency_identity::Sniffer>::sniff --macro-expansion-> macro core::std::assert",
          "[FIXTURE]/dep/src/lib.rs:13:9: 13:52: macro core::std::assert --macro-expansion-> macro core::std::panic::panic_2021",
          "[SYSROOT]/lib/rustlib/src/rust/library/core/src/panic.rs:62:9: 62:73: macro core::std::panic::panic_2021 --direct-call-> core::std::rt::panic_fmt"
        ]
      },
      {
        "kind": "indirect-call-boundary",
        "level": "warn",
        "reason": "indirect call to undocumented trait method dependency_identity::Sniffer::sniff cannot be verified",
        "root": "dependency_identity_app::sniff_dyn",
        "root-kind": "concrete",
        "span": "src/lib.rs:17:5: 17:24",
        "target": "dependency_identity::Sniffer::sniff",
        "trace": [
          "src/lib.rs:17:5: 17:24: dependency_identity_app::sniff_dyn --direct-call-> dependency_identity::Sniffer::sniff"
        ]
      },
      {
        "kind": "panic-invocation",
        "level": "deny",
        "reason": "panic sink core::std::rt::panic_fmt",
        "root": "dependency_identity_app::sniff_widget",
        "root-kind": "concrete",
        "span": "[FIXTURE]/dep/src/lib.rs:13:9: 13:52",
        "target": "core::std::rt::panic_fmt",
        "trace": [
          "src/lib.rs:4:5: 4:23: dependency_identity_app::sniff_widget --direct-call-> <dependency_identity::Widget as dependency_identity::Sniffer>::sniff",
          "[FIXTURE]/dep/src/lib.rs:13:9: 13:52: <dependency_identity::Widget as dependency_identity::Sniffer>::sniff --macro-expansion-> macro core::std::assert",
          "[FIXTURE]/dep/src/lib.rs:13:9: 13:52: macro core::std::assert --macro-expansion-> macro core::std::panic::panic_2021",
          "[SYSROOT]/lib/rustlib/src/rust/library/core/src/panic.rs:62:9: 62:73: macro core::std::panic::panic_2021 --direct-call-> core::std::rt::panic_fmt"
        ]
      }
    ],
    "format-version": 12,
    "reason": "sniff-test-artifact",
    "rustc-version": "[RUSTC_VERSION]",
    "tool-version": "0.1.0"
  }
]
