---
source: crates/sniff-test/tests/fixtures.rs
expression: messages
---
[
  {
    "analysis-findings": [],
    "artifact": {
      "artifact-id": "[ARTIFACT_ID]",
      "crate-name": "dyn_dispatch_call_site",
      "crate-types": [
        "lib"
      ],
      "extra-filename": "[EXTRA_FILENAME]",
      "manifest-path": null,
      "metadata": "[METADATA]",
      "package-name": null,
      "package-version": null,
      "target": null
    },
    "concrete-roots": 1,
    "counts": {
      "analysis-incomplete": 0,
      "cached-dependency-panics": 0,
      "compiler-asserts": 0,
      "documented-panics": 0,
      "indirect-call-boundaries": 0,
      "panic-invocations": 1,
      "trusted-panics": 0
    },
    "dependencies": [],
    "dependency-cache": {
      "failed": 0,
      "hits": 0,
      "total": 0
    },
    "format-version": 2,
    "generic-roots": 0,
    "reason": "sniff-test-artifact",
    "roots": [
      {
        "counts": {
          "analysis-incomplete": 0,
          "cached-dependency-panics": 0,
          "compiler-asserts": 0,
          "documented-panics": 0,
          "indirect-call-boundaries": 0,
          "panic-invocations": 1,
          "trusted-panics": 0
        },
        "findings": [
          {
            "edge": "<dyn_dispatch_call_site::Panicker as Runner>::run --macro-expansion-> macro std::panic",
            "kind": "panic-invocation",
            "level": "deny",
            "reason": "panic sink core::std::rt::panic_fmt",
            "span": "[FIXTURE]/src/lib.rs:9:9: 9:41",
            "target": "core::std::rt::panic_fmt",
            "trace": [
              "[FIXTURE]/src/lib.rs:15:5: 15:17: dyn_dispatch_call_site::entry --dyn-dispatch-vtable-entry-> <dyn_dispatch_call_site::Panicker as Runner>::run",
              "[FIXTURE]/src/lib.rs:9:9: 9:41: <dyn_dispatch_call_site::Panicker as Runner>::run --macro-expansion-> macro std::panic",
              "[FIXTURE]/src/lib.rs:9:9: 9:41: macro std::panic --macro-expansion-> macro core::std::panic::panic_2021",
              "[SYSROOT]/lib/rustlib/src/rust/library/core/src/panic.rs:62:9: 62:73: macro core::std::panic::panic_2021 --direct-call-> core::std::rt::panic_fmt"
            ]
          }
        ],
        "has-panic-docs": false,
        "root": "dyn_dispatch_call_site::entry",
        "root-declaration": "[FIXTURE]/src/lib.rs:13:1",
        "root-kind": "concrete"
      }
    ],
    "rustc-version": "[RUSTC_VERSION]",
    "scope": "workspace",
    "tool-version": "0.1.0"
  }
]
