---
source: crates/sniff-test/tests/fixtures.rs
expression: messages
---
[
  {
    "artifact": {
      "artifact-id": "[ARTIFACT_ID]",
      "crate-name": "trusted_boundaries",
      "crate-types": [
        "lib"
      ],
      "extra-filename": "[EXTRA_FILENAME]",
      "manifest-path": null,
      "metadata": "[METADATA]",
      "package-name": null,
      "package-version": null,
      "target": null
    },
    "concrete-roots": 1,
    "counts": {
      "panic-obligations": 0,
      "raw-panic-paths": 0,
      "trusted-panic-obligations": 1
    },
    "dependencies": [],
    "dependency-cache": {
      "hits": 0,
      "total": 0
    },
    "format-version": 1,
    "generic-roots": 0,
    "missing-roots": [],
    "reason": "sniff-test-artifact",
    "roots": [
      {
        "counts": {
          "panic-obligations": 0,
          "raw-panic-paths": 0,
          "trusted-panic-obligations": 1
        },
        "findings": [
          {
            "edge": "trusted_boundaries::trusted_with_docs --direct-call-> trusted_boundaries::trusted_doc_helper",
            "kind": "trusted-panic-obligation",
            "level": "warn",
            "reason": "trusted_boundaries::trusted_doc_helper has a documented # Panics contract",
            "span": "[FIXTURE]/src/lib.rs:6:5: 6:29",
            "target": "trusted_boundaries::trusted_doc_helper",
            "trace": [
              "[FIXTURE]/src/lib.rs:6:5: 6:29: trusted_boundaries::trusted_with_docs --direct-call-> trusted_boundaries::trusted_doc_helper"
            ]
          }
        ],
        "has-panic-docs": false,
        "root": "trusted_boundaries::trusted_with_docs",
        "root-declaration": "[FIXTURE]/src/lib.rs:5:1",
        "root-kind": "concrete"
      }
    ],
    "rustc-version": "[RUSTC_VERSION]",
    "scope": "workspace",
    "tool-version": "0.1.0"
  }
]
