---
source: crates/sniff-test/tests/fixtures.rs
expression: messages
---
[
  {
    "artifact": {
      "artifact-id": "[ARTIFACT_ID]",
      "crate-name": "panic_requirements",
      "crate-types": [
        "lib"
      ],
      "extra-filename": "[EXTRA_FILENAME]",
      "manifest-path": "[FIXTURE]/Cargo.toml",
      "metadata": "[METADATA]",
      "package-name": "panic_requirements",
      "package-version": "0.1.0",
      "target": null
    },
    "dependencies": [],
    "findings": [
      {
        "kind": "documented-panic",
        "level": "warn",
        "reason": "panic_requirements::documented_ratio documents when it may panic under # Panics",
        "root": "panic_requirements::bullet_without_marker",
        "root-kind": "concrete",
        "span": "src/lib.rs:31:5: 31:41",
        "target": "panic_requirements::documented_ratio",
        "trace": [
          "src/lib.rs:31:5: 31:41: panic_requirements::bullet_without_marker --direct-call-> panic_requirements::documented_ratio"
        ]
      },
      {
        "kind": "documented-panic",
        "level": "warn",
        "reason": "panic_requirements::documented_ratio documents when it may panic under # Panics",
        "root": "panic_requirements::empty_marker",
        "root-kind": "concrete",
        "span": "src/lib.rs:36:5: 36:41",
        "target": "panic_requirements::documented_ratio",
        "trace": [
          "src/lib.rs:36:5: 36:41: panic_requirements::empty_marker --direct-call-> panic_requirements::documented_ratio"
        ]
      },
      {
        "kind": "documented-panic",
        "level": "warn",
        "reason": "panic_requirements::documented_ratio documents when it may panic under # Panics",
        "root": "panic_requirements::empty_requirement",
        "root-kind": "concrete",
        "span": "src/lib.rs:44:5: 44:41",
        "target": "panic_requirements::documented_ratio",
        "trace": [
          "src/lib.rs:44:5: 44:41: panic_requirements::empty_requirement --direct-call-> panic_requirements::documented_ratio"
        ]
      },
      {
        "kind": "documented-panic",
        "level": "warn",
        "reason": "panic_requirements::documented_ratio documents when it may panic under # Panics",
        "root": "panic_requirements::safety_marker_does_not_satisfy_panic",
        "root-kind": "concrete",
        "span": "src/lib.rs:53:5: 53:41",
        "target": "panic_requirements::documented_ratio",
        "trace": [
          "src/lib.rs:53:5: 53:41: panic_requirements::safety_marker_does_not_satisfy_panic --direct-call-> panic_requirements::documented_ratio"
        ]
      },
      {
        "kind": "documented-panic",
        "level": "warn",
        "reason": "panic_requirements::documented_ratio documents when it may panic under # Panics",
        "root": "panic_requirements::safety_marker_stops_partial_panic_block",
        "root-kind": "concrete",
        "span": "src/lib.rs:62:5: 62:41",
        "target": "panic_requirements::documented_ratio",
        "trace": [
          "src/lib.rs:62:5: 62:41: panic_requirements::safety_marker_stops_partial_panic_block --direct-call-> panic_requirements::documented_ratio"
        ]
      },
      {
        "kind": "documented-panic",
        "level": "warn",
        "reason": "panic_requirements::documented_ratio documents when it may panic under # Panics",
        "root": "panic_requirements::unnamed_marker",
        "root-kind": "concrete",
        "span": "src/lib.rs:26:5: 26:41",
        "target": "panic_requirements::documented_ratio",
        "trace": [
          "src/lib.rs:26:5: 26:41: panic_requirements::unnamed_marker --direct-call-> panic_requirements::documented_ratio"
        ]
      }
    ],
    "format-version": 4,
    "reason": "sniff-test-artifact",
    "rustc-version": "[RUSTC_VERSION]",
    "scope": "workspace",
    "tool-version": "0.1.0"
  }
]
