---
source: crates/sniff-test/tests/fixtures.rs
expression: "report[\"findings\"]"
---
[
  {
    "kind": "ambiguous-panic-requirement",
    "level": "deny",
    "reason": "`ambiguous_markers::duplicate_name_ratio` has 2 # Panics requirements named `nonzero`",
    "requirements": [
      "nonzero: denominator must not be zero.",
      "nonzero: total must be bounded by the caller."
    ],
    "root": "ambiguous_markers::duplicate_name_marker",
    "root-kind": "concrete",
    "root-span": "src/lib.rs:27:1: 27:72",
    "span": "src/lib.rs:21:1: 21:45",
    "target": "ambiguous_markers::duplicate_name_ratio",
    "trace": [
      "src/lib.rs:30:5: 30:45: ambiguous_markers::duplicate_name_marker --direct-call-> ambiguous_markers::duplicate_name_ratio"
    ]
  },
  {
    "kind": "ambiguous-panic-marker",
    "level": "deny",
    "reason": "one `// PANIC:` marker applies to 2 panic effect groups",
    "root": "ambiguous_markers::shared_block_marker",
    "root-kind": "concrete",
    "root-span": "src/lib.rs:8:1: 8:76",
    "span": "src/lib.rs:9:1: 10:1",
    "trace": [
      "src/lib.rs:11:21: 11:42: ambiguous_markers::shared_block_marker --direct-call-> ambiguous_markers::ratio"
    ]
  }
]
