---
source: crates/sniff-test/tests/fixtures.rs
expression: "report[\"findings\"]"
---
[
  {
    "kind": "documented-panic",
    "level": "warn",
    "reason": "optimizer_pruning::greater_than_zero documents when it may panic under # Panics",
    "root": "optimizer_pruning::documented_inlinable_call",
    "root-kind": "concrete",
    "root-span": "src/lib.rs:7:1: 7:44",
    "span": "src/lib.rs:8:5: 8:26",
    "target": "optimizer_pruning::greater_than_zero",
    "trace": [
      "src/lib.rs:8:5: 8:26: optimizer_pruning::documented_inlinable_call --direct-call-> optimizer_pruning::greater_than_zero"
    ]
  }
]
