---
source: crates/sniff-test/tests/fixtures.rs
expression: "report[\"findings\"]"
---
[
  {
    "kind": "panic-invocation",
    "level": "deny",
    "reason": "panic sink core::std::rt::panic_fmt",
    "root": "dependency_generic_local_impl_app::caller",
    "root-kind": "concrete",
    "root-span": "src/lib.rs:11:1: 11:26",
    "span": "src/lib.rs:7:9: 7:70",
    "target": "core::std::rt::panic_fmt",
    "trace": [
      "src/lib.rs:12:5: 12:57: dependency_generic_local_impl_app::caller --direct-call-> dependency_generic_local_impl::invoke",
      "[FIXTURE]/dep/src/lib.rs:7:5: 7:19: dependency_generic_local_impl::invoke --direct-call-> <dependency_generic_local_impl_app::Local as dependency_generic_local_impl::Action>::apply",
      "src/lib.rs:7:9: 7:70: <dependency_generic_local_impl_app::Local as dependency_generic_local_impl::Action>::apply --macro-expansion-> macro core::std::assert",
      "src/lib.rs:7:9: 7:70: macro core::std::assert --macro-expansion-> macro core::std::panic::panic_2021",
      "[SYSROOT]/lib/rustlib/src/rust/library/core/src/panic.rs:62:9: 62:73: macro core::std::panic::panic_2021 --direct-call-> core::std::rt::panic_fmt"
    ]
  }
]
