---
source: crates/sniff-test/tests/fixtures.rs
expression: "report[\"findings\"]"
---
[
  {
    "compiler-assert-kind": "division-by-zero",
    "kind": "compiler-assert",
    "level": "deny",
    "reason": "compiler assert",
    "root": "panic_axioms::division",
    "root-kind": "concrete",
    "root-span": "src/lib.rs:1:1: 1:64",
    "span": "src/lib.rs:2:5: 2:29",
    "target": "compiler assert division by zero",
    "trace": [
      "src/lib.rs:2:5: 2:29: panic_axioms::division --assert-> compiler assert division by zero"
    ]
  },
  {
    "compiler-assert-kind": "bounds-check",
    "kind": "compiler-assert",
    "level": "deny",
    "reason": "compiler assert",
    "root": "panic_axioms::indexed",
    "root-kind": "concrete",
    "root-span": "src/lib.rs:9:1: 9:56",
    "span": "src/lib.rs:10:5: 10:18",
    "target": "compiler assert index out of bounds",
    "trace": [
      "src/lib.rs:10:5: 10:18: panic_axioms::indexed --assert-> compiler assert index out of bounds"
    ]
  },
  {
    "compiler-assert-kind": "remainder-by-zero",
    "kind": "compiler-assert",
    "level": "deny",
    "reason": "compiler assert",
    "root": "panic_axioms::remainder",
    "root-kind": "concrete",
    "root-span": "src/lib.rs:5:1: 5:64",
    "span": "src/lib.rs:6:5: 6:28",
    "target": "compiler assert remainder with a zero divisor",
    "trace": [
      "src/lib.rs:6:5: 6:28: panic_axioms::remainder --assert-> compiler assert remainder with a zero divisor"
    ]
  }
]
