---
source: crates/sniff-test/tests/fixtures.rs
expression: messages
---
[
  {
    "artifact": {
      "artifact-id": "[ARTIFACT_ID]",
      "crate-name": "report_roots",
      "crate-types": [
        "lib"
      ],
      "extra-filename": "[EXTRA_FILENAME]",
      "manifest-path": null,
      "metadata": "[METADATA]",
      "package-name": null,
      "package-version": null,
      "target": null
    },
    "concrete-roots": 1,
    "counts": {
      "panic-obligations": 0,
      "raw-panic-paths": 1,
      "trusted-panic-obligations": 0
    },
    "dependencies": [],
    "dependency-cache": {
      "failed": 0,
      "hits": 0,
      "total": 0
    },
    "format-version": 1,
    "generic-roots": 0,
    "missing-roots": [],
    "reason": "sniff-test-artifact",
    "roots": [
      {
        "counts": {
          "panic-obligations": 0,
          "raw-panic-paths": 1,
          "trusted-panic-obligations": 0
        },
        "findings": [
          {
            "edge": "report_roots::public_panic --macro-expansion-> macro std::panic",
            "kind": "panic-invocation",
            "level": "deny",
            "reason": "panic sink core::std::rt::panic_fmt",
            "span": "[FIXTURE]/src/lib.rs:4:5: 4:26",
            "target": "core::std::rt::panic_fmt",
            "trace": [
              "[FIXTURE]/src/lib.rs:4:5: 4:26: report_roots::public_panic --macro-expansion-> macro std::panic",
              "[FIXTURE]/src/lib.rs:4:5: 4:26: macro std::panic --macro-expansion-> macro core::std::panic::panic_2021",
              "[SYSROOT]/lib/rustlib/src/rust/library/core/src/panic.rs:62:9: 62:73: macro core::std::panic::panic_2021 --direct-call-> core::std::rt::panic_fmt"
            ]
          }
        ],
        "has-panic-docs": false,
        "root": "report_roots::public_panic",
        "root-declaration": "[FIXTURE]/src/lib.rs:3:1",
        "root-kind": "concrete"
      }
    ],
    "rustc-version": "[RUSTC_VERSION]",
    "scope": "workspace",
    "tool-version": "0.1.0"
  }
]
