---
source: crates/sniff-test/tests/fixtures.rs
expression: messages
---
[
  {
    "analysis-findings": [],
    "artifact": {
      "artifact-id": "[ARTIFACT_ID]",
      "crate-name": "ambiguous_markers",
      "crate-types": [
        "lib"
      ],
      "extra-filename": "[EXTRA_FILENAME]",
      "manifest-path": "[FIXTURE]/Cargo.toml",
      "metadata": "[METADATA]",
      "package-name": "ambiguous-markers",
      "package-version": "0.1.0",
      "target": null
    },
    "concrete-roots": 2,
    "dependencies": [],
    "dependency-cache": {
      "failed": 0,
      "hits": 0,
      "total": 0
    },
    "format-version": 3,
    "generic-roots": 0,
    "reason": "sniff-test-artifact",
    "roots": [
      {
        "findings": [
          {
            "edge": null,
            "kind": "ambiguous-panic-requirement",
            "level": "deny",
            "reason": "`ambiguous_markers::duplicate_name_ratio` has 2 # Panics requirements named `nonzero`",
            "span": "src/lib.rs:21:1: 21:45",
            "target": "ambiguous_markers::duplicate_name_ratio",
            "trace": []
          }
        ],
        "has-panic-docs": false,
        "root": "ambiguous_markers::duplicate_name_marker",
        "root-declaration": "src/lib.rs:27:1",
        "root-kind": "concrete"
      },
      {
        "findings": [
          {
            "edge": null,
            "kind": "ambiguous-panic-marker",
            "level": "deny",
            "reason": "one `// PANIC:` marker applies to 2 panic obligation sites",
            "span": "src/lib.rs:9:1: 10:1",
            "target": null,
            "trace": [
              "src/lib.rs:11:21: 11:42: ambiguous_markers::shared_block_marker --direct-call-> ambiguous_markers::ratio",
              "src/lib.rs:12:22: 12:43: ambiguous_markers::shared_block_marker --direct-call-> ambiguous_markers::ratio"
            ]
          }
        ],
        "has-panic-docs": false,
        "root": "ambiguous_markers::shared_block_marker",
        "root-declaration": "src/lib.rs:8:1",
        "root-kind": "concrete"
      }
    ],
    "rustc-version": "[RUSTC_VERSION]",
    "scope": "workspace",
    "tool-version": "0.1.0"
  }
]
