---
source: crates/sniff-test/tests/fixtures.rs
expression: messages
---
[
  {
    "artifact": {
      "artifact-id": "[ARTIFACT_ID]",
      "crate-name": "trusted_boundaries"
    },
    "dependencies": [],
    "findings": [
      {
        "kind": "trusted-panic",
        "level": "warn",
        "reason": "trusted_boundaries::trusted_doc_helper documents when it may panic under # Panics",
        "root": "trusted_boundaries::trusted_with_docs",
        "root-kind": "concrete",
        "span": "[FIXTURE]/src/lib.rs:6:5: 6:29",
        "target": "trusted_boundaries::trusted_doc_helper",
        "trace": [
          "[FIXTURE]/src/lib.rs:6:5: 6:29: trusted_boundaries::trusted_with_docs --direct-call-> trusted_boundaries::trusted_doc_helper"
        ]
      }
    ],
    "format-version": 6,
    "reason": "sniff-test-artifact",
    "rustc-version": "[RUSTC_VERSION]",
    "scope": "workspace",
    "tool-version": "0.1.0"
  }
]
