---
source: crates/sniff-test/tests/fixtures.rs
expression: messages
---
[
  {
    "artifact": {
      "artifact-id": "[ARTIFACT_ID]",
      "crate-name": "dependency_safety_contract_app"
    },
    "dependencies": [
      {
        "artifact-id": "[ARTIFACT_ID]",
        "extern-name": "dependency_safety_contract"
      }
    ],
    "findings": [
      {
        "function": "dependency_safety_contract_app::justifies_dependency_effects",
        "kind": "ambiguous-safety-marker",
        "level": "deny",
        "reason": "one `// SAFETY:` marker applies to 2 safety effect groups",
        "root": "dependency_safety_contract_app::justifies_dependency_effects",
        "root-kind": "concrete",
        "span": "src/lib.rs:6:1: 7:1",
        "trace": [
          "src/lib.rs:7:5: 7:51: dependency_safety_contract_app::justifies_dependency_effects --direct-call-> dependency_safety_contract::two_reads",
          "[FIXTURE]/dep/src/lib.rs:2:26: 2:34: dependency_safety_contract::two_reads --unsafe-operation-> unsafe operation (raw pointer dereference)"
        ]
      }
    ],
    "format-version": 11,
    "reason": "sniff-test-artifact",
    "rustc-version": "[RUSTC_VERSION]",
    "tool-version": "0.1.0"
  }
]
