---
source: crates/sniff-test/tests/fixtures.rs
expression: "report[\"findings\"]"
---
[
  {
    "compiler-assert-kind": "bounds-check",
    "kind": "compiler-assert",
    "level": "deny",
    "reason": "compiler assert",
    "root": "generic_roots::generic_index",
    "root-kind": "generic",
    "root-span": "src/lib.rs:1:1: 1:58",
    "span": "src/lib.rs:2:6: 2:19",
    "target": "compiler assert index out of bounds",
    "trace": [
      "src/lib.rs:2:6: 2:19: generic_roots::generic_index --assert-> compiler assert index out of bounds"
    ]
  }
]
