---
source: crates/sniff-test/tests/fixtures.rs
expression: messages
---
[
  {
    "artifact": {
      "crate-name": "dependency_mixed_panic_app"
    },
    "findings": [
      {
        "kind": "trusted-panic",
        "level": "warn",
        "reason": "dependency_mixed_panic::documented documents when it may panic under # Panics",
        "root": "dependency_mixed_panic_app::call_mixed",
        "root-kind": "concrete",
        "span": "[FIXTURE]/dep/src/lib.rs:9:5: 9:17",
        "target": "dependency_mixed_panic::documented",
        "trace": [
          "src/lib.rs:2:5: 2:36: dependency_mixed_panic_app::call_mixed --direct-call-> dependency_mixed_panic::mixed",
          "[FIXTURE]/dep/src/lib.rs:9:5: 9:17: dependency_mixed_panic::mixed --direct-call-> dependency_mixed_panic::documented"
        ]
      },
      {
        "kind": "panic-invocation",
        "level": "deny",
        "reason": "panic sink core::std::rt::panic_fmt",
        "root": "dependency_mixed_panic_app::call_mixed",
        "root-kind": "concrete",
        "span": "[FIXTURE]/dep/src/lib.rs:10:5: 10:27",
        "target": "core::std::rt::panic_fmt",
        "trace": [
          "src/lib.rs:2:5: 2:36: dependency_mixed_panic_app::call_mixed --direct-call-> dependency_mixed_panic::mixed",
          "[FIXTURE]/dep/src/lib.rs:10:5: 10:27: dependency_mixed_panic::mixed --macro-expansion-> macro std::panic",
          "[FIXTURE]/dep/src/lib.rs:10:5: 10:27: macro std::panic --macro-expansion-> macro core::std::panic::panic_2021",
          "[SYSROOT]/lib/rustlib/src/rust/library/core/src/panic.rs:62:9: 62:73: macro core::std::panic::panic_2021 --direct-call-> core::std::rt::panic_fmt"
        ]
      }
    ],
    "format-version": 12,
    "reason": "sniff-test-artifact",
    "rustc-version": "[RUSTC_VERSION]",
    "tool-version": "0.1.0"
  }
]
