---
source: crates/sniff-test/tests/fixtures.rs
expression: messages
---
[
  {
    "artifact": {
      "crate-name": "partial_effect_requirements_app"
    },
    "findings": [
      {
        "function": "partial_effect_requirements::misses_both_requirements",
        "kind": "safety-obligation-missing-requirements",
        "level": "deny",
        "missing-requirements": [
          "exclusive: no other thread may access the global state"
        ],
        "reason": "safety-obligation call to `partial_effect_requirements::requires_initialized_exclusive_state` does not satisfy all # Safety requirements",
        "requirements": [
          "initialized: global state must be initialized",
          "exclusive: no other thread may access the global state"
        ],
        "root": "partial_effect_requirements_app::partially_satisfies_requirements",
        "root-kind": "concrete",
        "span": "[FIXTURE]/dep/src/lib.rs:9:5: 9:43",
        "target": "partial_effect_requirements::requires_initialized_exclusive_state",
        "trace": [
          "src/lib.rs:4:5: 4:60: partial_effect_requirements_app::partially_satisfies_requirements --direct-call-> partial_effect_requirements::misses_both_requirements",
          "[FIXTURE]/dep/src/lib.rs:9:5: 9:43: partial_effect_requirements::misses_both_requirements --direct-call-> partial_effect_requirements::requires_initialized_exclusive_state"
        ]
      },
      {
        "function": "partial_effect_requirements::shared_effect",
        "kind": "safety-obligation-missing-requirements",
        "level": "deny",
        "missing-requirements": [
          "exclusive: no other thread may access the global state"
        ],
        "reason": "safety-obligation call to `partial_effect_requirements::requires_initialized_exclusive_state` does not satisfy all # Safety requirements",
        "requirements": [
          "initialized: global state must be initialized",
          "exclusive: no other thread may access the global state"
        ],
        "root": "partial_effect_requirements_app::preserves_complementary_path_requirements",
        "root-kind": "concrete",
        "span": "[FIXTURE]/dep/src/lib.rs:13:5: 13:43",
        "target": "partial_effect_requirements::requires_initialized_exclusive_state",
        "trace": [
          "src/lib.rs:22:5: 22:55: partial_effect_requirements_app::preserves_complementary_path_requirements --direct-call-> partial_effect_requirements::complementary_paths",
          "[FIXTURE]/dep/src/lib.rs:29:5: 29:28: partial_effect_requirements::complementary_paths --direct-call-> partial_effect_requirements::satisfies_initialized",
          "[FIXTURE]/dep/src/lib.rs:19:5: 19:20: partial_effect_requirements::satisfies_initialized --direct-call-> partial_effect_requirements::shared_effect",
          "[FIXTURE]/dep/src/lib.rs:13:5: 13:43: partial_effect_requirements::shared_effect --direct-call-> partial_effect_requirements::requires_initialized_exclusive_state"
        ]
      }
    ],
    "format-version": 12,
    "reason": "sniff-test-artifact",
    "rustc-version": "[RUSTC_VERSION]",
    "tool-version": "0.1.0"
  }
]
