---
source: crates/sniff-test/tests/fixtures.rs
expression: "report[\"findings\"]"
---
[
  {
    "kind": "documented-panic",
    "level": "warn",
    "owner": {
      "crate": "vendored_app",
      "scope": "workspace"
    },
    "reason": "call to `vendored::checked` with a `# Panics` contract has no recorded `// PANIC:` evidence",
    "root": "vendored_app::use_vendored",
    "root-kind": "concrete",
    "root-span": "src/lib.rs:1:1: 1:32",
    "source-evidence": {
      "status": "verified-absent"
    },
    "span": "src/lib.rs:2:5: 2:28",
    "target": "vendored::checked",
    "trace": [
      "src/lib.rs:2:5: 2:28: vendored_app::use_vendored --direct-call-> vendored::checked"
    ]
  }
]
