---
source: crates/sniff-test/tests/fixtures.rs
expression: messages
---
[
  {
    "analysis-findings": [],
    "artifact": {
      "artifact-id": "[ARTIFACT_ID]",
      "crate-name": "macro_expansion",
      "crate-types": [
        "lib"
      ],
      "extra-filename": "[EXTRA_FILENAME]",
      "manifest-path": "[FIXTURE]/Cargo.toml",
      "metadata": "[METADATA]",
      "package-name": "macro-expansion",
      "package-version": "0.1.0",
      "target": null
    },
    "concrete-roots": 2,
    "dependencies": [],
    "dependency-cache": {
      "failed": 0,
      "hits": 0,
      "total": 0
    },
    "format-version": 3,
    "generic-roots": 0,
    "reason": "sniff-test-artifact",
    "roots": [
      {
        "findings": [
          {
            "edge": "macro_expansion::direct_assert --macro-expansion-> macro core::std::assert",
            "kind": "panic-invocation",
            "level": "deny",
            "reason": "panic sink core::panicking::panic",
            "span": "src/lib.rs:27:5: 27:18",
            "target": "core::panicking::panic",
            "trace": [
              "src/lib.rs:27:5: 27:18: macro_expansion::direct_assert --macro-expansion-> macro core::std::assert",
              "src/lib.rs:27:5: 27:18: macro core::std::assert --direct-call-> core::panicking::panic"
            ]
          }
        ],
        "has-panic-docs": false,
        "root": "macro_expansion::direct_assert",
        "root-declaration": "src/lib.rs:26:1",
        "root-kind": "concrete"
      },
      {
        "findings": [
          {
            "edge": "macro_expansion::direct_macro --macro-expansion-> macro macro_expansion::const_assert",
            "kind": "panic-invocation",
            "level": "deny",
            "reason": "panic sink core::panicking::panic",
            "span": "src/lib.rs:23:5: 23:24",
            "target": "core::panicking::panic",
            "trace": [
              "src/lib.rs:23:5: 23:24: macro_expansion::direct_macro --macro-expansion-> macro macro_expansion::const_assert",
              "src/lib.rs:3:9: 3:28: macro macro_expansion::const_assert --macro-expansion-> macro core::std::assert",
              "src/lib.rs:3:9: 3:28: macro core::std::assert --direct-call-> core::panicking::panic"
            ]
          }
        ],
        "has-panic-docs": false,
        "root": "macro_expansion::direct_macro",
        "root-declaration": "src/lib.rs:22:1",
        "root-kind": "concrete"
      }
    ],
    "rustc-version": "[RUSTC_VERSION]",
    "scope": "workspace",
    "tool-version": "0.1.0"
  }
]
