---
source: crates/sniff-test/tests/fixtures.rs
expression: messages
---
[
  {
    "analysis-findings": [],
    "artifact": {
      "artifact-id": "[ARTIFACT_ID]",
      "crate-name": "unsafe_const_init",
      "crate-types": [
        "lib"
      ],
      "extra-filename": "[EXTRA_FILENAME]",
      "manifest-path": "[FIXTURE]/Cargo.toml",
      "metadata": "[METADATA]",
      "package-name": "unsafe-const-init",
      "package-version": "0.1.0",
      "target": null
    },
    "concrete-roots": 0,
    "counts": {
      "analysis-incomplete": 0,
      "cached-dependency-panics": 0,
      "compiler-asserts": 0,
      "documented-panics": 0,
      "indirect-call-boundaries": 0,
      "panic-invocations": 0,
      "trusted-panics": 0
    },
    "dependencies": [],
    "dependency-cache": {
      "failed": 0,
      "hits": 0,
      "total": 0
    },
    "format-version": 2,
    "generic-roots": 0,
    "reason": "sniff-test-artifact",
    "roots": [],
    "rustc-version": "[RUSTC_VERSION]",
    "safety": {
      "counts": {
        "missing-safety-docs": 0,
        "safety-obligation-missing-justification": 0,
        "safety-obligation-missing-requirements": 0,
        "unsafe-call-missing-justification": 2,
        "unsafe-call-missing-requirements": 0,
        "unsafe-op-missing-justification": 0
      },
      "findings": [
        {
          "function": "unsafe_const_init::UNJUSTIFIED_STATIC",
          "kind": "unsafe-call-missing-justification",
          "level": "warn",
          "reason": "unsafe call to `unsafe_const_init::seeded` has no `// SAFETY:` justification",
          "span": "src/lib.rs:5:47: 5:55",
          "target": "unsafe_const_init::seeded"
        },
        {
          "function": "unsafe_const_init::UNJUSTIFIED_CONST",
          "kind": "unsafe-call-missing-justification",
          "level": "warn",
          "reason": "unsafe call to `unsafe_const_init::seeded` has no `// SAFETY:` justification",
          "span": "src/lib.rs:11:45: 11:53",
          "target": "unsafe_const_init::seeded"
        }
      ]
    },
    "scope": "workspace",
    "tool-version": "0.1.0"
  }
]
