---
source: crates/sniff-test/tests/fixtures.rs
expression: messages
---
[
  {
    "artifact": {
      "artifact-id": "[ARTIFACT_ID]",
      "crate-name": "trait_default_method"
    },
    "dependencies": [],
    "findings": [
      {
        "kind": "panic-invocation",
        "level": "deny",
        "reason": "panic sink core::std::rt::panic_fmt",
        "root": "trait_default_method::TraitDefaultMethod::default_panic",
        "root-kind": "generic",
        "span": "src/lib.rs:3:9: 3:45",
        "target": "core::std::rt::panic_fmt",
        "trace": [
          "src/lib.rs:3:9: 3:45: trait_default_method::TraitDefaultMethod::default_panic --macro-expansion-> macro std::panic",
          "src/lib.rs:3:9: 3:45: macro std::panic --macro-expansion-> macro core::std::panic::panic_2021",
          "[SYSROOT]/lib/rustlib/src/rust/library/core/src/panic.rs:62:9: 62:73: macro core::std::panic::panic_2021 --direct-call-> core::std::rt::panic_fmt"
        ]
      }
    ],
    "format-version": 7,
    "reason": "sniff-test-artifact",
    "rustc-version": "[RUSTC_VERSION]",
    "scope": "workspace",
    "tool-version": "0.1.0"
  }
]
