---
source: crates/sniff-test/tests/fixtures.rs
expression: "report[\"findings\"]"
---
[
  {
    "kind": "documented-panic",
    "level": "warn",
    "missing-requirements": [
      "bounded[total]: total must be bounded by the caller.",
      "audited"
    ],
    "reason": "panic_requirements::documented_ratio documents when it may panic under # Panics",
    "requirements": [
      "nonzero: denominator must not be zero.",
      "bounded[total]: total must be bounded by the caller.",
      "audited"
    ],
    "root": "panic_requirements::partially_satisfied",
    "root-kind": "concrete",
    "root-span": "src/lib.rs:24:1: 24:70",
    "span": "src/lib.rs:27:5: 27:41",
    "target": "panic_requirements::documented_ratio",
    "trace": [
      "src/lib.rs:27:5: 27:41: panic_requirements::partially_satisfied --direct-call-> panic_requirements::documented_ratio"
    ]
  }
]
