---
source: crates/sniff-test/tests/fixtures.rs
expression: "report[\"findings\"]"
---
[
  {
    "effect": "panic",
    "finding": "concrete-operation",
    "function": "suppression::reported_index",
    "kind": "effect",
    "level": "deny",
    "operation": "bounds-check",
    "owner": {
      "crate": "suppression",
      "scope": "workspace"
    },
    "reason": "panic operation (bounds check) has no recorded `// PANIC:` justification",
    "root": "suppression::reported_index",
    "root-kind": "concrete",
    "root-span": "src/lib.rs:5:1: 5:63",
    "source-evidence": {
      "status": "verified-absent"
    },
    "span": "src/lib.rs:6:5: 6:18",
    "trace": [
      "src/lib.rs:6:5: 6:18: suppression::reported_index --assert-> compiler assert index out of bounds"
    ]
  }
]
