---
source: crates/sniff-test/tests/fixtures.rs
expression: "report[\"findings\"]"
---
[
  {
    "kind": "documented-panic",
    "level": "warn",
    "reason": "chain_markers::Widget::risky documents when it may panic under # Panics",
    "root": "chain_markers::marked_and_unmarked_chain_links",
    "root-kind": "concrete",
    "root-span": "src/lib.rs:17:1: 17:64",
    "span": "src/lib.rs:22:20: 22:41",
    "target": "chain_markers::Widget::risky",
    "trace": [
      "src/lib.rs:22:20: 22:41: chain_markers::marked_and_unmarked_chain_links --direct-call-> chain_markers::Widget::risky"
    ]
  }
]
