---
source: crates/sniff-test/tests/fixtures.rs
expression: messages
---
[
  {
    "artifact": {
      "artifact-id": "[ARTIFACT_ID]",
      "crate-name": "suppression"
    },
    "dependencies": [],
    "findings": [
      {
        "kind": "empty-report-roots",
        "level": "warn",
        "reason": "`[analysis].report-roots = \"public\"` selected no functions in `suppression`"
      }
    ],
    "format-version": 5,
    "reason": "sniff-test-artifact",
    "rustc-version": "[RUSTC_VERSION]",
    "scope": "workspace",
    "tool-version": "0.1.0"
  }
]
