---
source: crates/sniff-test/tests/fixtures.rs
expression: "report[\"findings\"]"
---
[
  {
    "function": "safety_requirements::misses_justification",
    "kind": "unsafe-call-missing-justification",
    "level": "warn",
    "reason": "unsafe call to `safety_requirements::uncontracted_operation` has no `// SAFETY:` justification",
    "root": "safety_requirements::misses_justification",
    "root-kind": "concrete",
    "root-span": "src/lib.rs:36:1: 36:30",
    "span": "src/lib.rs:37:14: 37:38",
    "target": "safety_requirements::uncontracted_operation",
    "trace": [
      "src/lib.rs:37:14: 37:38: safety_requirements::misses_justification --direct-call-> safety_requirements::uncontracted_operation"
    ]
  },
  {
    "function": "safety_requirements::misses_one_requirement",
    "kind": "unsafe-call-missing-requirements",
    "level": "warn",
    "missing-requirements": [
      "initialized: pointer must reference initialized memory."
    ],
    "reason": "unsafe call to `safety_requirements::read_byte` does not satisfy all # Safety requirements",
    "requirements": [
      "valid_ptr: pointer must be non-null.",
      "initialized: pointer must reference initialized memory."
    ],
    "root": "safety_requirements::misses_one_requirement",
    "root-kind": "concrete",
    "root-span": "src/lib.rs:27:1: 27:38",
    "span": "src/lib.rs:33:14: 33:37",
    "target": "safety_requirements::read_byte",
    "trace": [
      "src/lib.rs:33:14: 33:37: safety_requirements::misses_one_requirement --direct-call-> safety_requirements::read_byte"
    ]
  }
]
