---
source: crates/sniff-test/tests/fixtures.rs
expression: "report[\"findings\"]"
---
[
  {
    "function": "unsafe_closure_inherit::unjustified_closure::{closure#0}",
    "kind": "unsafe-call-missing-justification",
    "level": "warn",
    "owner": {
      "crate": "unsafe_closure_inherit",
      "scope": "workspace"
    },
    "reason": "could not verify `// SAFETY:` evidence for unsafe call to `unsafe_closure_inherit::dangerous` in workspace crate `unsafe_closure_inherit`: no usable span was available for marker association",
    "root": "unsafe_closure_inherit::unjustified_closure",
    "root-kind": "concrete",
    "root-span": "src/lib.rs:10:1: 10:29",
    "source-evidence": {
      "reason": "no-usable-source-span",
      "status": "unverified"
    },
    "span": "src/lib.rs:12:13: 12:24",
    "target": "unsafe_closure_inherit::dangerous",
    "trace": [
      "src/lib.rs:12:9: 12:27: unsafe_closure_inherit::unjustified_closure --direct-call-> unsafe_closure_inherit::unjustified_closure::{closure#0}",
      "src/lib.rs:12:13: 12:24: unsafe_closure_inherit::unjustified_closure::{closure#0} --direct-call-> unsafe_closure_inherit::dangerous"
    ]
  }
]
