---
source: crates/sniff-test/tests/fixtures.rs
expression: messages
---
[
  {
    "artifact": {
      "artifact-id": "[ARTIFACT_ID]",
      "crate-name": "node_limit"
    },
    "dependencies": [],
    "findings": [
      {
        "kind": "analysis-incomplete",
        "level": "deny",
        "reason": "reachability analysis halted at the 4-instance node limit before the call graph was exhausted",
        "root": "node_limit::deep_chain",
        "root-kind": "concrete",
        "span": "[FIXTURE]/src/lib.rs:24:1: 24:30"
      }
    ],
    "format-version": 6,
    "reason": "sniff-test-artifact",
    "rustc-version": "[RUSTC_VERSION]",
    "scope": "workspace",
    "tool-version": "0.1.0"
  }
]
