---
source: crates/sniff-test/tests/fixtures.rs
expression: messages
---
[
  {
    "artifact": {
      "artifact-id": "[ARTIFACT_ID]",
      "crate-name": "ambiguous_markers",
      "crate-types": [
        "lib"
      ],
      "extra-filename": "[EXTRA_FILENAME]",
      "manifest-path": "[FIXTURE]/Cargo.toml",
      "metadata": "[METADATA]",
      "package-name": "ambiguous-markers",
      "package-version": "0.1.0",
      "target": null
    },
    "dependencies": [],
    "findings": [
      {
        "kind": "ambiguous-panic-requirement",
        "level": "warn",
        "reason": "`ambiguous_markers::duplicate_name_ratio` has 2 # Panics requirements named `nonzero`",
        "root": "ambiguous_markers::duplicate_name_marker",
        "root-kind": "concrete",
        "span": "src/lib.rs:21:1: 21:45",
        "target": "ambiguous_markers::duplicate_name_ratio"
      },
      {
        "kind": "ambiguous-panic-marker",
        "level": "warn",
        "reason": "one `// PANIC:` marker applies to 2 panic obligation sites",
        "root": "ambiguous_markers::shared_block_marker",
        "root-kind": "concrete",
        "span": "src/lib.rs:9:1: 10:1",
        "trace": [
          "src/lib.rs:11:21: 11:42: ambiguous_markers::shared_block_marker --direct-call-> ambiguous_markers::ratio",
          "src/lib.rs:12:22: 12:43: ambiguous_markers::shared_block_marker --direct-call-> ambiguous_markers::ratio"
        ]
      }
    ],
    "format-version": 4,
    "reason": "sniff-test-artifact",
    "rustc-version": "[RUSTC_VERSION]",
    "scope": "workspace",
    "tool-version": "0.1.0"
  }
]
