---
source: tests/lib.rs
---
exit_code = 1
stdout = '''
big ty is {closure@[SNIFF_TEST_DIR]/panics/02b_dyn_box.rs:3:73: 3:75}
big ty aka Closure(DefId(0:5 ~ 02b_dyn_box[3ce0]::main::{closure#0}), [i8, Binder { value: extern "RustCall" fn(()) -> i32, bound_vars: [] }, ()])
contains closure DefId(0:5 ~ 02b_dyn_box[3ce0]::main::{closure#0})
WARN: DefId(3:682 ~ alloc[2c97]::boxed::{impl#0}::new) uses the type `extern "rust-call" fn(()) -> i32` which is a function pointer. sniff-test's analysis currently cannot track calls through these constructs.
big ty is &str
big ty aka &'{erased} str
big ty is std::boxed::Box<dyn std::ops::Fn() -> i32>
big ty aka std::boxed::Box<dyn [Binder { value: Trait(std::ops::Fn<()>), bound_vars: [] }, Binder { value: Projection(ExistentialProjection { def_id: DefId(2:3987 ~ core[4f7d]::ops::function::FnOnce::Output), args: [()], term: Term::Ty(i32), use_existential_projection_new_instead: () }), bound_vars: [] }] + '{erased}, std::alloc::Global>
WARN: DefId(2:3981 ~ core[4f7d]::ops::function::Fn::call) uses the type `dyn std::ops::Fn() -> i32` which is a dynamic trait object. sniff-test's analysis currently cannot track calls through these constructs.
big ty is ()
big ty aka ()
WARN: unable to find def_id for call to Local(HirId(DefId(0:3 ~ 02b_dyn_box[3ce0]::calls_f).2)) (to check if it is a panic)
the 02b_dyn_box crate FAILED the sniff test
'''
stderr = '''
error: function main::{closure#0} directly contains 1 unjustified panicking axiom, but is not annotated panicking
 --> [SNIFF_TEST_DIR]/panics/02b_dyn_box.rs:3:73
  |
3 |     let panics: std::boxed::Box<dyn Fn() -> i32> = std::boxed::Box::new(|| panic!());
  |                                                                         ^^
  |
  = note: reachable from [main ([SNIFF_TEST_DIR]/panics/02b_dyn_box.rs:3:52) -> *main::{closure#0}*]
note: explicit panic here
 --> [SNIFF_TEST_DIR]/panics/02b_dyn_box.rs:3:76
  |
3 |     let panics: std::boxed::Box<dyn Fn() -> i32> = std::boxed::Box::new(|| panic!());
  |                                                                            ^^^^^^^^

error: aborting due to 1 previous error

'''
