---
source: tests/lib.rs
assertion_line: 216
---
exit_code = 1
stdout = '''
the detect_defs_w_whitespace crate FAILED the sniff test
'''
stderr = '''
error: function main directly contains 2 unjustified calls to annotated panicking functions, but is not annotated panicking
  --> [SNIFF_TEST_DIR]/panics/labels/detect_defs_w_whitespace.rs:16:1
   |
16 | fn main() {
   | ^^^^^^^^^
   |
   = note: reachable from [*main*]
note: spaces_after is called here
  --> [SNIFF_TEST_DIR]/panics/labels/detect_defs_w_whitespace.rs:17:5
   |
17 |     spaces_after();
   |     ^^^^^^^^^^^^^^
note: tabs_after is called here
  --> [SNIFF_TEST_DIR]/panics/labels/detect_defs_w_whitespace.rs:18:5
   |
18 |     tabs_after();
   |     ^^^^^^^^^^^^

error: aborting due to 1 previous error

'''
