---
source: tests/lib.rs
assertion_line: 216
---
exit_code = 1
stdout = '''
the detect_defs_w_whitespace crate FAILED the sniff test
'''
stderr = '''
error: function main directly contains 3 unjustified calls to annotated panicking functions, but is not annotated panicking
  --> [SNIFF_TEST_DIR]/panics/labels/detect_defs_w_whitespace.rs:22:1
   |
22 | fn main() {
   | ^^^^^^^^^
   |
   = note: reachable from [*main*]
note: spaces_after is called here
  --> [SNIFF_TEST_DIR]/panics/labels/detect_defs_w_whitespace.rs:23:5
   |
23 |     spaces_after();
   |     ^^^^^^^^^^^^^^
note: tabs_after is called here
  --> [SNIFF_TEST_DIR]/panics/labels/detect_defs_w_whitespace.rs:24:5
   |
24 |     tabs_after();
   |     ^^^^^^^^^^^^
note: mix_after is called here
  --> [SNIFF_TEST_DIR]/panics/labels/detect_defs_w_whitespace.rs:25:5
   |
25 |     mix_after();
   |     ^^^^^^^^^^^

error: aborting due to 1 previous error

'''
