---
source: tests/lib.rs
assertion_line: 216
---
exit_code = 1
stdout = '''
the fail_suggest_inline_call crate FAILED the sniff test
'''
stderr = '''
error: function main directly contains 1 unjustified call to annotated panicking functions, but is not annotated panicking
  --> [SNIFF_TEST_DIR]/panics/opt/fail_suggest_inline_call.rs:15:1
   |
15 | fn main() {
   | ^^^^^^^^^
   |
   = note: reachable from [*main*]
note: greater_than_zero is called here
  --> [SNIFF_TEST_DIR]/panics/opt/fail_suggest_inline_call.rs:16:29
   |
16 |     println!("count is {}", greater_than_zero(10));
   |                             ^^^^^^^^^^^^^^^^^^^^^

error: aborting due to 1 previous error

'''
