---
source: tests/lib.rs
---
exit_code = 0
stdout = '''
compilation of example was successful!!
'''
stderr = '''
warning: unused variable: `ptr`
 --> src/main.rs:5:8
  |
5 | fn foo(ptr: *const i32) -> i32 {
  |        ^^^ help: if this is intentional, prefix it with an underscore: `_ptr`
  |
  = note: `#[warn(unused_variables)]` on by default

warning: unnecessary `unsafe` block
  --> src/main.rs:19:5
   |
19 |     unsafe {
   |     ^^^^^^ unnecessary `unsafe` block
   |
   = note: `#[warn(unused_unsafe)]` on by default

warning: unused variable: `a`
  --> src/main.rs:31:9
   |
31 |     let a = Some(3).unwrap();
   |         ^ help: if this is intentional, prefix it with an underscore: `_a`

warning: unnecessary `unsafe` block
  --> src/main.rs:35:5
   |
35 |     unsafe {
   |     ^^^^^^ unnecessary `unsafe` block

warning: function `bar` is never used
  --> src/main.rs:17:4
   |
17 | fn bar(ptr: *const i32) -> i32 {
   |    ^^^
   |
   = note: `#[warn(dead_code)]` on by default

'''
