---
source: tests/lib.rs
---
exit_code = 0
stdout = '''
the `justified_call` crate passes the sniff test!!
'''
stderr = '''
warning: unused doc comment
  --> [SNIFF_TEST_DIR]/unsafe/calls/justified_call.rs:12:5
   |
12 | /     /// SAFETY:
13 | |     /// - nn: pointers from references are trivially non-null
   | |_____________________________________________________________^
14 | /     unsafe {
15 | |         foo(&raw const x);
16 | |     }
   | |_____- rustdoc does not generate documentation for expressions
   |
   = help: use `//` for a plain comment
   = note: `#[warn(unused_doc_comments)]` on by default

warning: 1 warning emitted

'''
